Archive member included to satisfy reference by file (symbol)

../freertos/libfreertos.a(event_groups.c.obj)
                              CMakeFiles/test-read.dir/main.c.obj (xEventGroupCreate)
../freertos/libfreertos.a(list.c.obj)
                              ../freertos/libfreertos.a(event_groups.c.obj) (vListInitialise)
../freertos/libfreertos.a(queue.c.obj)
                              CMakeFiles/test-read.dir/main.c.obj (xQueueGenericCreate)
../freertos/libfreertos.a(stream_buffer.c.obj)
                              CMakeFiles/test-read.dir/main.c.obj (xStreamBufferGenericCreate)
../freertos/libfreertos.a(tasks.c.obj)
                              CMakeFiles/test-read.dir/main.c.obj (xTaskCreate)
../freertos/libfreertos.a(timers.c.obj)
                              ../freertos/libfreertos.a(tasks.c.obj) (xTimerCreateTimerTask)
../freertos/libfreertos.a(heap_3.c.obj)
                              ../freertos/libfreertos.a(event_groups.c.obj) (pvPortMalloc)
../freertos/libfreertos.a(port.c.obj)
                              ../freertos/libfreertos.a(event_groups.c.obj) (vPortYield)
/usr/lib/gcc/arm-none-eabi/12.2.1/../../../arm-none-eabi/lib/thumb/v8-m.main+fp/softfp/libm.a(lib_a-wf_sqrt.o)
                              CMakeFiles/test-read.dir/home/devel/pico2/pico-sdk/src/rp2_common/pico_float/float_math.c.obj (sqrtf)
/usr/lib/gcc/arm-none-eabi/12.2.1/../../../arm-none-eabi/lib/thumb/v8-m.main+fp/softfp/libm.a(lib_a-ef_sqrt.o)
                              /usr/lib/gcc/arm-none-eabi/12.2.1/../../../arm-none-eabi/lib/thumb/v8-m.main+fp/softfp/libm.a(lib_a-wf_sqrt.o) (__ieee754_sqrtf)
/usr/lib/gcc/arm-none-eabi/12.2.1/../../../arm-none-eabi/lib/thumb/v8-m.main+fp/softfp/libm.a(lib_a-s_lib_ver.o)
                              /usr/lib/gcc/arm-none-eabi/12.2.1/../../../arm-none-eabi/lib/thumb/v8-m.main+fp/softfp/libm.a(lib_a-wf_sqrt.o) (__fdlib_version)
/usr/lib/gcc/arm-none-eabi/12.2.1/thumb/v8-m.main+fp/softfp/libgcc.a(_arm_addsubdf3.o)
                              CMakeFiles/test-read.dir/main.c.obj (__aeabi_f2d)
/usr/lib/gcc/arm-none-eabi/12.2.1/thumb/v8-m.main+fp/softfp/libgcc.a(_aeabi_ldivmod.o)
                              CMakeFiles/test-read.dir/home/devel/pico2/pico-sdk/src/common/pico_time/time.c.obj (__aeabi_ldivmod)
/usr/lib/gcc/arm-none-eabi/12.2.1/thumb/v8-m.main+fp/softfp/libgcc.a(_aeabi_uldivmod.o)
                              CMakeFiles/test-read.dir/home/devel/pico2/pico-sdk/src/rp2_common/hardware_clocks/clocks.c.obj (__aeabi_uldivmod)
/usr/lib/gcc/arm-none-eabi/12.2.1/thumb/v8-m.main+fp/softfp/libgcc.a(_udivmoddi4.o)
                              /usr/lib/gcc/arm-none-eabi/12.2.1/thumb/v8-m.main+fp/softfp/libgcc.a(_aeabi_ldivmod.o) (__udivmoddi4)
/usr/lib/gcc/arm-none-eabi/12.2.1/thumb/v8-m.main+fp/softfp/libgcc.a(_dvmd_tls.o)
                              /usr/lib/gcc/arm-none-eabi/12.2.1/thumb/v8-m.main+fp/softfp/libgcc.a(_aeabi_ldivmod.o) (__aeabi_ldiv0)
/usr/lib/gcc/arm-none-eabi/12.2.1/../../../arm-none-eabi/lib/thumb/v8-m.main+fp/softfp/libg.a(lib_a-atexit.o)
                              /usr/lib/gcc/arm-none-eabi/12.2.1/../../../arm-none-eabi/lib/thumb/v8-m.main+fp/softfp/crt0.o (atexit)
/usr/lib/gcc/arm-none-eabi/12.2.1/../../../arm-none-eabi/lib/thumb/v8-m.main+fp/softfp/libg.a(lib_a-calloc.o)
                              CMakeFiles/test-read.dir/home/devel/pico2/pico-sdk/src/rp2_common/pico_malloc/malloc.c.obj (calloc)
/usr/lib/gcc/arm-none-eabi/12.2.1/../../../arm-none-eabi/lib/thumb/v8-m.main+fp/softfp/libg.a(lib_a-callocr.o)
                              /usr/lib/gcc/arm-none-eabi/12.2.1/../../../arm-none-eabi/lib/thumb/v8-m.main+fp/softfp/libg.a(lib_a-calloc.o) (_calloc_r)
/usr/lib/gcc/arm-none-eabi/12.2.1/../../../arm-none-eabi/lib/thumb/v8-m.main+fp/softfp/libg.a(lib_a-errno.o)
                              /usr/lib/gcc/arm-none-eabi/12.2.1/../../../arm-none-eabi/lib/thumb/v8-m.main+fp/softfp/libm.a(lib_a-wf_sqrt.o) (__errno)
/usr/lib/gcc/arm-none-eabi/12.2.1/../../../arm-none-eabi/lib/thumb/v8-m.main+fp/softfp/libg.a(lib_a-fflush.o)
                              CMakeFiles/test-read.dir/__/klt/klt-lib/selectGoodFeatures.c.obj (fflush)
/usr/lib/gcc/arm-none-eabi/12.2.1/../../../arm-none-eabi/lib/thumb/v8-m.main+fp/softfp/libg.a(lib_a-findfp.o)
                              /usr/lib/gcc/arm-none-eabi/12.2.1/../../../arm-none-eabi/lib/thumb/v8-m.main+fp/softfp/libg.a(lib_a-fflush.o) (__sinit)
/usr/lib/gcc/arm-none-eabi/12.2.1/../../../arm-none-eabi/lib/thumb/v8-m.main+fp/softfp/libg.a(lib_a-fini.o)
                              /usr/lib/gcc/arm-none-eabi/12.2.1/../../../arm-none-eabi/lib/thumb/v8-m.main+fp/softfp/crt0.o (__libc_fini_array)
/usr/lib/gcc/arm-none-eabi/12.2.1/../../../arm-none-eabi/lib/thumb/v8-m.main+fp/softfp/libg.a(lib_a-fprintf.o)
                              CMakeFiles/test-read.dir/__/klt/klt-lib/selectGoodFeatures.c.obj (fprintf)
/usr/lib/gcc/arm-none-eabi/12.2.1/../../../arm-none-eabi/lib/thumb/v8-m.main+fp/softfp/libg.a(lib_a-fputc.o)
[...]
Memory Configuration

Name             Origin             Length             Attributes
FLASH            0x10000000         0x00400000         xr
RAM              0x20000000         0x00080000         xrw
SCRATCH_X        0x20080000         0x00001000         xrw
SCRATCH_Y        0x20081000         0x00001000         xrw
*default*        0x00000000         0xffffffff

Linker script and memory map

LOAD /usr/lib/gcc/arm-none-eabi/12.2.1/thumb/v8-m.main+fp/softfp/crti.o
LOAD /usr/lib/gcc/arm-none-eabi/12.2.1/thumb/v8-m.main+fp/softfp/crtbegin.o
LOAD /usr/lib/gcc/arm-none-eabi/12.2.1/../../../arm-none-eabi/lib/thumb/v8-m.main+fp/softfp/crt0.o

.flash_begin    0x10000000        0x0
                0x10000000                        __flash_binary_start = .

.text           0x10000000    0x11a50
                0x10000000                        __logical_binary_start = .
 *(.vectors)
 .vectors       0x10000000      0x124 CMakeFiles/test-read.dir/home/devel/pico2/pico-sdk/src/rp2_common/pico_crt0/crt0.S.obj
                0x10000000                __vectors
                0x10000000                __VECTOR_TABLE
                0x10000110                isr_invalid
                0x10000110                __default_isrs_start
                0x10000112                isr_nmi
                0x10000114                isr_hardfault
                0x10000116                isr_svcall
                0x10000118                isr_pendsv
                0x1000011a                isr_systick
                0x1000011c                isr_irq30
                0x1000011c                __unhandled_user_irq
                0x1000011c                isr_irq49
                0x1000011c                isr_irq13
                0x1000011c                isr_irq43
                0x1000011c                isr_irq45
                0x1000011c                isr_irq27
                0x1000011c                isr_irq32
                0x1000011c                isr_irq31
                0x1000011c                isr_irq5
                0x1000011c                isr_irq11
                0x1000011c                isr_irq23
                0x1000011c                isr_irq48
                0x1000011c                isr_irq35
                0x1000011c                isr_irq18
                0x1000011c                isr_irq50
                0x1000011c                isr_irq40
                0x1000011c                isr_irq28
                0x1000011c                isr_irq19
                0x1000011c                isr_irq36
                0x1000011c                isr_irq41
                0x1000011c                isr_irq0
                0x1000011c                isr_irq6
                0x1000011c                isr_irq37
                0x1000011c                isr_irq42
                0x1000011c                isr_irq22
                0x1000011c                isr_irq17
                0x1000011c                isr_irq38
                0x1000011c                isr_irq14
                0x1000011c                isr_irq2
                0x1000011c                isr_irq10
                0x1000011c                isr_irq8
                0x1000011c                isr_irq24
                0x1000011c                isr_irq46
                0x1000011c                isr_irq1
                0x1000011c                isr_irq47
                0x1000011c                isr_irq51
                0x1000011c                isr_irq7
                0x1000011c                isr_irq21
                0x1000011c                isr_irq39
                0x1000011c                isr_irq20
                0x1000011c                isr_irq15
                0x1000011c                isr_irq25
                0x1000011c                isr_irq34
                0x1000011c                isr_irq4
                0x1000011c                isr_irq16
                0x1000011c                isr_irq44
                0x1000011c                isr_irq29
                0x1000011c                isr_irq26
                0x1000011c                __default_isrs_end
                0x1000011c                isr_irq33
                0x1000011c                isr_irq3
                0x1000011c                isr_irq12
                0x1000011c                isr_irq9
                0x10000122                unhandled_user_irq_num_in_r0
 *(.binary_info_header)
 .binary_info_header
                0x10000124       0x14 CMakeFiles/test-read.dir/home/devel/pico2/pico-sdk/src/rp2_common/pico_crt0/crt0.S.obj
                0x10000138                        __binary_info_header_end = .
 *(.embedded_block)
 .embedded_block
                0x10000138       0x14 CMakeFiles/test-read.dir/home/devel/pico2/pico-sdk/src/rp2_common/pico_crt0/crt0.S.obj
                0x1000014c                        __embedded_block_end = .
 *(.reset)
 .reset         0x1000014c       0xa0 CMakeFiles/test-read.dir/home/devel/pico2/pico-sdk/src/rp2_common/pico_crt0/crt0.S.obj
                0x1000014c                _entry_point
 *(.init)
 .init          0x100001ec        0x4 /usr/lib/gcc/arm-none-eabi/12.2.1/thumb/v8-m.main+fp/softfp/crti.o
                0x100001ec                _init
 *libgcc.a:cmse_nonsecure_call.o()
 *(EXCLUDE_FILE(*libm.a: *libc.a:*lib_a-mem*.o *libgcc.a:) .text*)
 .text          0x100001f0       0x8c /usr/lib/gcc/arm-none-eabi/12.2.1/thumb/v8-m.main+fp/softfp/crtbegin.o
 .text.led_task
                0x1000027c       0x74 CMakeFiles/test-read.dir/main.c.obj
                0x1000027c                led_task
 .text.usb_task
                0x100002f0       0x4c CMakeFiles/test-read.dir/main.c.obj
                0x100002f0                usb_task
 .text.processliftklt
                0x1000033c      0x384 CMakeFiles/test-read.dir/main.c.obj
                0x1000033c                processliftklt
 .text.vAFunction
                0x100006c0       0x38 CMakeFiles/test-read.dir/main.c.obj
                0x100006c0                vAFunction
 .text.vASendStream
                0x100006f8       0x38 CMakeFiles/test-read.dir/main.c.obj
                0x100006f8                vASendStream
 .text.vAReadStream
                0x10000730       0x48 CMakeFiles/test-read.dir/main.c.obj
                0x10000730                vAReadStream
 .text.startup.main
                0x10000778      0x184 CMakeFiles/test-read.dir/main.c.obj
                0x10000778                main
 .text.gpio_init
                0x100008fc       0x48 CMakeFiles/test-read.dir/home/devel/pico2/pico-sdk/src/rp2_common/hardware_gpio/gpio.c.obj
                0x100008fc                gpio_init
 .text.panic    0x10000944       0x30 CMakeFiles/test-read.dir/home/devel/pico2/pico-sdk/src/rp2_common/pico_platform_panic/panic.c.obj
                0x10000944                panic
 .text.hw_claim_or_assert
                0x10000974       0x58 CMakeFiles/test-read.dir/home/devel/pico2/pico-sdk/src/common/hardware_claim/claim.c.obj
                0x10000974                hw_claim_or_assert
 .text.hw_claim_unused_from_range
                0x100009cc       0x9c CMakeFiles/test-read.dir/home/devel/pico2/pico-sdk/src/common/hardware_claim/claim.c.obj
                0x100009cc                hw_claim_unused_from_range
 .text.next_striped_spin_lock_num
                0x10000a68       0x18 CMakeFiles/test-read.dir/home/devel/pico2/pico-sdk/src/rp2_common/hardware_sync/sync.c.obj
                0x10000a68                next_striped_spin_lock_num
 .text.spin_lock_claim_unused
                0x10000a80       0x20 CMakeFiles/test-read.dir/home/devel/pico2/pico-sdk/src/rp2_common/hardware_sync/sync.c.obj
                0x10000a80                spin_lock_claim_unused
 .text.spinlock_set_extexclall
                0x10000aa0       0x10 CMakeFiles/test-read.dir/home/devel/pico2/pico-sdk/src/rp2_common/hardware_sync_spin_lock/sync_spin_lock.c.obj
 .text.spin_locks_reset
                0x10000ab0       0x18 CMakeFiles/test-read.dir/home/devel/pico2/pico-sdk/src/rp2_common/hardware_sync_spin_lock/sync_spin_lock.c.obj
                0x10000ab0                spin_locks_reset
 .text.runtime_init_per_core_irq_priorities
                0x10000ac8       0x40 CMakeFiles/test-read.dir/home/devel/pico2/pico-sdk/src/rp2_common/hardware_irq/irq.c.obj
                0x10000ac8                runtime_init_per_core_irq_priorities
 .text.irq_set_enabled
                0x10000b08       0x2c CMakeFiles/test-read.dir/home/devel/pico2/pico-sdk/src/rp2_common/hardware_irq/irq.c.obj
                0x10000b08                irq_set_enabled
 .text.irq_is_enabled
                0x10000b34       0x20 CMakeFiles/test-read.dir/home/devel/pico2/pico-sdk/src/rp2_common/hardware_irq/irq.c.obj
                0x10000b34                irq_is_enabled
 .text.irq_set_pending
                0x10000b54       0x18 CMakeFiles/test-read.dir/home/devel/pico2/pico-sdk/src/rp2_common/hardware_irq/irq.c.obj
                0x10000b54                irq_set_pending
 .text.irq_has_shared_handler
                0x10000b6c       0x24 CMakeFiles/test-read.dir/home/devel/pico2/pico-sdk/src/rp2_common/hardware_irq/irq.c.obj
                0x10000b6c                irq_has_shared_handler
 .text.irq_set_exclusive_handler
                0x10000b90       0x60 CMakeFiles/test-read.dir/home/devel/pico2/pico-sdk/src/rp2_common/hardware_irq/irq.c.obj
                0x10000b90                irq_set_exclusive_handler
 .text.irq_add_shared_handler
                0x10000bf0      0x204 CMakeFiles/test-read.dir/home/devel/pico2/pico-sdk/src/rp2_common/hardware_irq/irq.c.obj
                0x10000bf0                irq_add_shared_handler
 .text.irq_add_tail_to_free_list
                0x10000df4       0xbc CMakeFiles/test-read.dir/home/devel/pico2/pico-sdk/src/rp2_common/hardware_irq/irq.c.obj
                0x10000df4                irq_add_tail_to_free_list
 .text.user_irq_claim_unused
                0x10000eb0       0x28 CMakeFiles/test-read.dir/home/devel/pico2/pico-sdk/src/rp2_common/hardware_irq/irq.c.obj
                0x10000eb0                user_irq_claim_unused
 .text.lock_init
                0x10000ed8        0xc CMakeFiles/test-read.dir/home/devel/pico2/pico-sdk/src/common/pico_sync/lock_core.c.obj
                0x10000ed8                lock_init
 .text.runtime_init_mutex
                0x10000ee4       0x54 CMakeFiles/test-read.dir/home/devel/pico2/pico-sdk/src/common/pico_sync/mutex.c.obj
                0x10000ee4                runtime_init_mutex
 .text.mutex_init
                0x10000f38       0x1c CMakeFiles/test-read.dir/home/devel/pico2/pico-sdk/src/common/pico_sync/mutex.c.obj
                0x10000f38                mutex_init
 .text.critical_section_init
                0x10000f54       0x1c CMakeFiles/test-read.dir/home/devel/pico2/pico-sdk/src/common/pico_sync/critical_section.c.obj
                0x10000f54                critical_section_init
 .text.critical_section_init_with_lock_num
                0x10000f70       0x10 CMakeFiles/test-read.dir/home/devel/pico2/pico-sdk/src/common/pico_sync/critical_section.c.obj
                0x10000f70                critical_section_init_with_lock_num
 .text.sleep_until_callback
                0x10000f80       0x3c CMakeFiles/test-read.dir/home/devel/pico2/pico-sdk/src/common/pico_time/time.c.obj
 .text.alarm_pool_irq_handler
                0x10000fbc      0x2d8 CMakeFiles/test-read.dir/home/devel/pico2/pico-sdk/src/common/pico_time/time.c.obj
 .text.runtime_init_default_alarm_pool
                0x10001294      0x100 CMakeFiles/test-read.dir/home/devel/pico2/pico-sdk/src/common/pico_time/time.c.obj
                0x10001294                runtime_init_default_alarm_pool
 .text.alarm_pool_get_default
                0x10001394        0x8 CMakeFiles/test-read.dir/home/devel/pico2/pico-sdk/src/common/pico_time/time.c.obj
                0x10001394                alarm_pool_get_default
 .text.alarm_pool_add_alarm_at
                0x1000139c       0xdc CMakeFiles/test-read.dir/home/devel/pico2/pico-sdk/src/common/pico_time/time.c.obj
                0x1000139c                alarm_pool_add_alarm_at
 .text.alarm_pool_add_alarm_at_force_in_context
                0x10001478       0xc8 CMakeFiles/test-read.dir/home/devel/pico2/pico-sdk/src/common/pico_time/time.c.obj
                0x10001478                alarm_pool_add_alarm_at_force_in_context
 .text.alarm_pool_cancel_alarm
                0x10001540       0x80 CMakeFiles/test-read.dir/home/devel/pico2/pico-sdk/src/common/pico_time/time.c.obj
                0x10001540                alarm_pool_cancel_alarm
 .text.alarm_pool_core_num
                0x100015c0        0x4 CMakeFiles/test-read.dir/home/devel/pico2/pico-sdk/src/common/pico_time/time.c.obj
                0x100015c0                alarm_pool_core_num
 .text.sleep_until
                0x100015c4       0xbc CMakeFiles/test-read.dir/home/devel/pico2/pico-sdk/src/common/pico_time/time.c.obj
                0x100015c4                sleep_until
 .text.sleep_ms
                0x10001680       0x2c CMakeFiles/test-read.dir/home/devel/pico2/pico-sdk/src/common/pico_time/time.c.obj
                0x10001680                sleep_ms
 .text.best_effort_wfe_or_timeout
                0x100016ac      0x128 CMakeFiles/test-read.dir/home/devel/pico2/pico-sdk/src/common/pico_time/time.c.obj
                0x100016ac                best_effort_wfe_or_timeout
 .text.timer_hardware_alarm_claim
                0x100017d4       0x24 CMakeFiles/test-read.dir/home/devel/pico2/pico-sdk/src/rp2_common/hardware_timer/timer.c.obj
                0x100017d4                timer_hardware_alarm_claim
 .text.timer_time_us_64
                0x100017f8       0x10 CMakeFiles/test-read.dir/home/devel/pico2/pico-sdk/src/rp2_common/hardware_timer/timer.c.obj
                0x100017f8                timer_time_us_64
 .text.time_us_64
                0x10001808       0x14 CMakeFiles/test-read.dir/home/devel/pico2/pico-sdk/src/rp2_common/hardware_timer/timer.c.obj
                0x10001808                time_us_64
 .text.busy_wait_us
                0x1000181c       0x5c CMakeFiles/test-read.dir/home/devel/pico2/pico-sdk/src/rp2_common/hardware_timer/timer.c.obj
                0x1000181c                busy_wait_us
 .text.busy_wait_until
                0x10001878       0x24 CMakeFiles/test-read.dir/home/devel/pico2/pico-sdk/src/rp2_common/hardware_timer/timer.c.obj
                0x10001878                busy_wait_until
 .text.clock_configure_undivided
                0x1000189c       0xd0 CMakeFiles/test-read.dir/home/devel/pico2/pico-sdk/src/rp2_common/hardware_clocks/clocks.c.obj
                0x1000189c                clock_configure_undivided
 .text.clock_get_hz
                0x1000196c        0xc CMakeFiles/test-read.dir/home/devel/pico2/pico-sdk/src/rp2_common/hardware_clocks/clocks.c.obj
                0x1000196c                clock_get_hz
 .text.pll_init
                0x10001978       0x8c CMakeFiles/test-read.dir/home/devel/pico2/pico-sdk/src/rp2_common/hardware_pll/pll.c.obj
                0x10001978                pll_init
 .text.watchdog_reboot
                0x10001a04       0x98 CMakeFiles/test-read.dir/home/devel/pico2/pico-sdk/src/rp2_common/hardware_watchdog/watchdog.c.obj
                0x10001a04                watchdog_reboot
 .text.tick_start
                0x10001a9c       0x18 CMakeFiles/test-read.dir/home/devel/pico2/pico-sdk/src/rp2_common/hardware_ticks/ticks.c.obj
                0x10001a9c                tick_start
 .text.xosc_init
                0x10001ab4       0x2c CMakeFiles/test-read.dir/home/devel/pico2/pico-sdk/src/rp2_common/hardware_xosc/xosc.c.obj
                0x10001ab4                xosc_init
 .text.first_per_core_initializer
                0x10001ae0        0x4 CMakeFiles/test-read.dir/home/devel/pico2/pico-sdk/src/rp2_common/pico_runtime/runtime.c.obj
 .text.hard_assertion_failure
                0x10001ae4        0xc CMakeFiles/test-read.dir/home/devel/pico2/pico-sdk/src/rp2_common/pico_runtime/runtime.c.obj
                0x10001ae4                hard_assertion_failure
 .text.runtime_run_initializers
                0x10001af0       0x20 CMakeFiles/test-read.dir/home/devel/pico2/pico-sdk/src/rp2_common/pico_runtime/runtime.c.obj
                0x10001af0                runtime_run_initializers
 .text.runtime_init_early_resets
                0x10001b10       0x34 CMakeFiles/test-read.dir/home/devel/pico2/pico-sdk/src/rp2_common/pico_runtime_init/runtime_init.c.obj
                0x10001b10                runtime_init_early_resets
 .text.runtime_init_usb_power_down
                0x10001b44       0x1c CMakeFiles/test-read.dir/home/devel/pico2/pico-sdk/src/rp2_common/pico_runtime_init/runtime_init.c.obj
                0x10001b44                runtime_init_usb_power_down
 .text.runtime_init_per_core_enable_coprocessors
                0x10001b60       0x1c CMakeFiles/test-read.dir/home/devel/pico2/pico-sdk/src/rp2_common/pico_runtime_init/runtime_init.c.obj
                0x10001b60                runtime_init_per_core_enable_coprocessors
 .text.runtime_init_post_clock_resets
                0x10001b7c       0x20 CMakeFiles/test-read.dir/home/devel/pico2/pico-sdk/src/rp2_common/pico_runtime_init/runtime_init.c.obj
                0x10001b7c                runtime_init_post_clock_resets
 .text.runtime_init_bootrom_reset
                0x10001b9c       0x14 CMakeFiles/test-read.dir/home/devel/pico2/pico-sdk/src/rp2_common/pico_runtime_init/runtime_init.c.obj
                0x10001b9c                runtime_init_bootrom_reset
 .text.runtime_init_per_core_bootrom_reset
                0x10001bb0       0x14 CMakeFiles/test-read.dir/home/devel/pico2/pico-sdk/src/rp2_common/pico_runtime_init/runtime_init.c.obj
                0x10001bb0                runtime_init_per_core_bootrom_reset
 .text.runtime_init_spin_locks_reset
                0x10001bc4        0x4 CMakeFiles/test-read.dir/home/devel/pico2/pico-sdk/src/rp2_common/pico_runtime_init/runtime_init.c.obj
                0x10001bc4                runtime_init_spin_locks_reset
 .text.runtime_init_install_ram_vector_table
                0x10001bc8       0x20 CMakeFiles/test-read.dir/home/devel/pico2/pico-sdk/src/rp2_common/pico_runtime_init/runtime_init.c.obj
                0x10001bc8                runtime_init_install_ram_vector_table
 .text.runtime_init_clocks
                0x10001be8       0xdc CMakeFiles/test-read.dir/home/devel/pico2/pico-sdk/src/rp2_common/pico_runtime_init/runtime_init_clocks.c.obj
                0x10001be8                runtime_init_clocks
 .text.rom_func_lookup
                0x10001cc4       0x20 CMakeFiles/test-read.dir/home/devel/pico2/pico-sdk/src/rp2_common/pico_bootrom/bootrom.c.obj
                0x10001cc4                rom_func_lookup
 .text.rom_reset_usb_boot
                0x10001ce4       0x44 CMakeFiles/test-read.dir/home/devel/pico2/pico-sdk/src/rp2_common/pico_bootrom/bootrom.c.obj
                0x10001ce4                rom_reset_usb_boot
 .text.runtime_init_bootrom_locking_enable
                0x10001d28       0x14 CMakeFiles/test-read.dir/home/devel/pico2/pico-sdk/src/rp2_common/pico_bootrom/bootrom_lock.c.obj
                0x10001d28                runtime_init_bootrom_locking_enable
 .text.runtime_init_boot_locks_reset
                0x10001d3c       0x1c CMakeFiles/test-read.dir/home/devel/pico2/pico-sdk/src/rp2_common/hardware_boot_lock/boot_lock.c.obj
                0x10001d3c                runtime_init_boot_locks_reset
 .text.__rp2350_dcp_engaged_state_save_restore
                0x10001d58       0x3a CMakeFiles/test-read.dir/home/devel/pico2/pico-sdk/src/rp2_common/pico_double/double_aeabi_dcp.S.obj
 *fill*         0x10001d92        0x2 
 .text.__wrap___aeabi_dadd
                0x10001d94       0x28 CMakeFiles/test-read.dir/home/devel/pico2/pico-sdk/src/rp2_common/pico_double/double_aeabi_dcp.S.obj
                0x10001d9c                __wrap___aeabi_dadd
 .text.__wrap___aeabi_dsub
                0x10001dbc       0x28 CMakeFiles/test-read.dir/home/devel/pico2/pico-sdk/src/rp2_common/pico_double/double_aeabi_dcp.S.obj
                0x10001dc4                __wrap___aeabi_dsub
 .text.__wrap___aeabi_dmul
                0x10001de4       0x4c CMakeFiles/test-read.dir/home/devel/pico2/pico-sdk/src/rp2_common/pico_double/double_aeabi_dcp.S.obj
                0x10001dec                __wrap___aeabi_dmul
 .text.__wrap___aeabi_ddiv
                0x10001e30       0x9c CMakeFiles/test-read.dir/home/devel/pico2/pico-sdk/src/rp2_common/pico_double/double_aeabi_dcp.S.obj
                0x10001e38                __wrap___aeabi_ddiv
 .text.__wrap_sqrt
                0x10001ecc       0x98 CMakeFiles/test-read.dir/home/devel/pico2/pico-sdk/src/rp2_common/pico_double/double_aeabi_dcp.S.obj
                0x10001ed4                __wrap_sqrt
 .text.__wrap___aeabi_d2f
                0x10001f64       0x1c CMakeFiles/test-read.dir/home/devel/pico2/pico-sdk/src/rp2_common/pico_double/double_aeabi_dcp.S.obj
                0x10001f6c                __wrap___aeabi_d2f
 .text.__wrap___aeabi_i2d
                0x10001f80       0x24 CMakeFiles/test-read.dir/home/devel/pico2/pico-sdk/src/rp2_common/pico_double/double_aeabi_dcp.S.obj
                0x10001f88                __wrap___aeabi_i2d
 .text.__wrap___aeabi_ui2d
                0x10001fa4       0x24 CMakeFiles/test-read.dir/home/devel/pico2/pico-sdk/src/rp2_common/pico_double/double_aeabi_dcp.S.obj
                0x10001fac                __wrap___aeabi_ui2d
 .text.__wrap___aeabi_d2iz
                0x10001fc8       0x24 CMakeFiles/test-read.dir/home/devel/pico2/pico-sdk/src/rp2_common/pico_double/double_aeabi_dcp.S.obj
                0x10001fd0                __wrap___aeabi_d2iz
 .text.__wrap___aeabi_d2uiz
                0x10001fec       0x24 CMakeFiles/test-read.dir/home/devel/pico2/pico-sdk/src/rp2_common/pico_double/double_aeabi_dcp.S.obj
                0x10001ff4                __wrap___aeabi_d2uiz
 .text.__wrap___aeabi_dcmpun
                0x10002010       0x24 CMakeFiles/test-read.dir/home/devel/pico2/pico-sdk/src/rp2_common/pico_double/double_aeabi_dcp.S.obj
                0x10002018                __wrap___aeabi_dcmpun
 .text.__wrap___aeabi_dcmpeq
                0x10002034       0x24 CMakeFiles/test-read.dir/home/devel/pico2/pico-sdk/src/rp2_common/pico_double/double_aeabi_dcp.S.obj
                0x1000203c                __wrap___aeabi_dcmpeq
 .text.__wrap___aeabi_dcmplt
                0x10002058       0x28 CMakeFiles/test-read.dir/home/devel/pico2/pico-sdk/src/rp2_common/pico_double/double_aeabi_dcp.S.obj
                0x10002060                __wrap___aeabi_dcmplt
 .text.__wrap___aeabi_dcmple
                0x10002080       0x28 CMakeFiles/test-read.dir/home/devel/pico2/pico-sdk/src/rp2_common/pico_double/double_aeabi_dcp.S.obj
                0x10002088                __wrap___aeabi_dcmple
 .text.__wrap___aeabi_dcmpge
                0x100020a8       0x28 CMakeFiles/test-read.dir/home/devel/pico2/pico-sdk/src/rp2_common/pico_double/double_aeabi_dcp.S.obj
                0x100020b0                __wrap___aeabi_dcmpge
 .text.__wrap___aeabi_dcmpgt
                0x100020d0       0x28 CMakeFiles/test-read.dir/home/devel/pico2/pico-sdk/src/rp2_common/pico_double/double_aeabi_dcp.S.obj
                0x100020d8                __wrap___aeabi_dcmpgt
 .text.dreduce  0x100020f8       0x7a CMakeFiles/test-read.dir/home/devel/pico2/pico-sdk/src/rp2_common/pico_double/double_sci_m33.S.obj
 *fill*         0x10002172        0x2 
 .text.exptab   0x10002174      0x1fc CMakeFiles/test-read.dir/home/devel/pico2/pico-sdk/src/rp2_common/pico_double/double_sci_m33.S.obj
                0x10002174                exptab0
                0x100021d4                exptab1
                0x10002264                exptab2
                0x100022e4                logtab0
 .text.__wrap_exp
                0x10002370      0x148 CMakeFiles/test-read.dir/home/devel/pico2/pico-sdk/src/rp2_common/pico_double/double_sci_m33.S.obj
                0x1000239a                __wrap_exp
 .text.__wrap_malloc
                0x100024b8       0x24 CMakeFiles/test-read.dir/home/devel/pico2/pico-sdk/src/rp2_common/pico_malloc/malloc.c.obj
                0x100024b8                __wrap_malloc
 .text.__wrap_calloc
                0x100024dc       0x2c CMakeFiles/test-read.dir/home/devel/pico2/pico-sdk/src/rp2_common/pico_malloc/malloc.c.obj
                0x100024dc                __wrap_calloc
 .text.__wrap_free
                0x10002508        0x4 CMakeFiles/test-read.dir/home/devel/pico2/pico-sdk/src/rp2_common/pico_malloc/malloc.c.obj
                0x10002508                __wrap_free
 .text._out_null
                0x1000250c        0x4 CMakeFiles/test-read.dir/home/devel/pico2/pico-sdk/src/rp2_common/pico_printf/printf.c.obj
 .text._out_rev
                0x10002510       0x98 CMakeFiles/test-read.dir/home/devel/pico2/pico-sdk/src/rp2_common/pico_printf/printf.c.obj
 .text._ntoa_format
                0x100025a8      0x294 CMakeFiles/test-read.dir/home/devel/pico2/pico-sdk/src/rp2_common/pico_printf/printf.c.obj
 .text._out_char
                0x1000283c        0x8 CMakeFiles/test-read.dir/home/devel/pico2/pico-sdk/src/rp2_common/pico_printf/printf.c.obj
 .text._out_fct
                0x10002844        0xc CMakeFiles/test-read.dir/home/devel/pico2/pico-sdk/src/rp2_common/pico_printf/printf.c.obj
 .text._etoa    0x10002850      0x458 CMakeFiles/test-read.dir/home/devel/pico2/pico-sdk/src/rp2_common/pico_printf/printf.c.obj
 .text._ftoa    0x10002ca8      0x3f8 CMakeFiles/test-read.dir/home/devel/pico2/pico-sdk/src/rp2_common/pico_printf/printf.c.obj
 .text._vsnprintf
                0x100030a0      0x9e4 CMakeFiles/test-read.dir/home/devel/pico2/pico-sdk/src/rp2_common/pico_printf/printf.c.obj
 .text.vfctprintf
                0x10003a84       0x28 CMakeFiles/test-read.dir/home/devel/pico2/pico-sdk/src/rp2_common/pico_printf/printf.c.obj
                0x10003a84                vfctprintf
 .text.weak_raw_printf
                0x10003aac       0x48 CMakeFiles/test-read.dir/home/devel/pico2/pico-sdk/src/rp2_common/pico_printf/printf.c.obj
                0x10003aac                weak_raw_printf
 .text.weak_raw_vprintf
                0x10003af4       0x30 CMakeFiles/test-read.dir/home/devel/pico2/pico-sdk/src/rp2_common/pico_printf/printf.c.obj
                0x10003af4                weak_raw_vprintf
 .text._exit    0x10003b24        0x4 CMakeFiles/test-read.dir/home/devel/pico2/pico-sdk/src/rp2_common/pico_clib_interface/newlib_interface.c.obj
                0x10003b24                _exit
 .text._sbrk    0x10003b28       0x2c CMakeFiles/test-read.dir/home/devel/pico2/pico-sdk/src/rp2_common/pico_clib_interface/newlib_interface.c.obj
                0x10003b28                _sbrk
 .text._read    0x10003b54       0x1c CMakeFiles/test-read.dir/home/devel/pico2/pico-sdk/src/rp2_common/pico_clib_interface/newlib_interface.c.obj
                0x10003b54                _read
 .text._write   0x10003b70       0x20 CMakeFiles/test-read.dir/home/devel/pico2/pico-sdk/src/rp2_common/pico_clib_interface/newlib_interface.c.obj
                0x10003b70                _write
 .text._close   0x10003b90        0x8 CMakeFiles/test-read.dir/home/devel/pico2/pico-sdk/src/rp2_common/pico_clib_interface/newlib_interface.c.obj
                0x10003b90                _close
 .text._lseek   0x10003b98        0x8 CMakeFiles/test-read.dir/home/devel/pico2/pico-sdk/src/rp2_common/pico_clib_interface/newlib_interface.c.obj
                0x10003b98                _lseek
 .text._fstat   0x10003ba0        0x8 CMakeFiles/test-read.dir/home/devel/pico2/pico-sdk/src/rp2_common/pico_clib_interface/newlib_interface.c.obj
                0x10003ba0                _fstat
 .text._isatty  0x10003ba8        0xc CMakeFiles/test-read.dir/home/devel/pico2/pico-sdk/src/rp2_common/pico_clib_interface/newlib_interface.c.obj
                0x10003ba8                _isatty
 .text.exit     0x10003bb4        0x8 CMakeFiles/test-read.dir/home/devel/pico2/pico-sdk/src/rp2_common/pico_clib_interface/newlib_interface.c.obj
                0x10003bb4                exit
 .text.__assert_func
                0x10003bbc       0x34 CMakeFiles/test-read.dir/home/devel/pico2/pico-sdk/src/rp2_common/pico_clib_interface/newlib_interface.c.obj
                0x10003bbc                __assert_func
 .text.runtime_init
                0x10003bf0       0x24 CMakeFiles/test-read.dir/home/devel/pico2/pico-sdk/src/rp2_common/pico_clib_interface/newlib_interface.c.obj
                0x10003bf0                runtime_init
 .text.stdio_out_chars_no_crlf
                0x10003c14        0x8 CMakeFiles/test-read.dir/home/devel/pico2/pico-sdk/src/rp2_common/pico_stdio/stdio.c.obj
 .text.stdio_out_chars_crlf
                0x10003c1c       0xb8 CMakeFiles/test-read.dir/home/devel/pico2/pico-sdk/src/rp2_common/pico_stdio/stdio.c.obj
 .text.stdio_buffered_printer
                0x10003cd4       0x60 CMakeFiles/test-read.dir/home/devel/pico2/pico-sdk/src/rp2_common/pico_stdio/stdio.c.obj
 .text.stdio_put_string
                0x10003d34       0xf0 CMakeFiles/test-read.dir/home/devel/pico2/pico-sdk/src/rp2_common/pico_stdio/stdio.c.obj
                0x10003d34                stdio_put_string
 .text.stdio_get_until
                0x10003e24       0x7c CMakeFiles/test-read.dir/home/devel/pico2/pico-sdk/src/rp2_common/pico_stdio/stdio.c.obj
                0x10003e24                stdio_get_until
 .text.stdio_set_driver_enabled
                0x10003ea0       0x28 CMakeFiles/test-read.dir/home/devel/pico2/pico-sdk/src/rp2_common/pico_stdio/stdio.c.obj
                0x10003ea0                stdio_set_driver_enabled
 .text.stdio_init_all
                0x10003ec8        0x4 CMakeFiles/test-read.dir/home/devel/pico2/pico-sdk/src/rp2_common/pico_stdio/stdio.c.obj
                0x10003ec8                stdio_init_all
 .text.__wrap_getchar
                0x10003ecc       0x70 CMakeFiles/test-read.dir/home/devel/pico2/pico-sdk/src/rp2_common/pico_stdio/stdio.c.obj
                0x10003ecc                __wrap_getchar
                0x10003ecc                stdio_getchar
 .text.__wrap_putchar
                0x10003f3c       0x84 CMakeFiles/test-read.dir/home/devel/pico2/pico-sdk/src/rp2_common/pico_stdio/stdio.c.obj
                0x10003f3c                stdio_putchar
                0x10003f3c                __wrap_putchar
 .text.__wrap_puts
                0x10003fc0       0x3c CMakeFiles/test-read.dir/home/devel/pico2/pico-sdk/src/rp2_common/pico_stdio/stdio.c.obj
                0x10003fc0                __wrap_puts
                0x10003fc0                stdio_puts
 .text.__wrap_vprintf
                0x10003ffc       0xc8 CMakeFiles/test-read.dir/home/devel/pico2/pico-sdk/src/rp2_common/pico_stdio/stdio.c.obj
                0x10003ffc                __wrap_vprintf
                0x10003ffc                stdio_vprintf
 .text.__wrap_printf
                0x100040c4       0x1c CMakeFiles/test-read.dir/home/devel/pico2/pico-sdk/src/rp2_common/pico_stdio/stdio.c.obj
                0x100040c4                stdio_printf
                0x100040c4                __wrap_printf
 .text.resetd_init
                0x100040e0        0x4 CMakeFiles/test-read.dir/home/devel/pico2/pico-sdk/src/rp2_common/pico_stdio_usb/reset_interface.c.obj
 .text.resetd_reset
                0x100040e4        0xc CMakeFiles/test-read.dir/home/devel/pico2/pico-sdk/src/rp2_common/pico_stdio_usb/reset_interface.c.obj
 .text.resetd_open
                0x100040f0       0x28 CMakeFiles/test-read.dir/home/devel/pico2/pico-sdk/src/rp2_common/pico_stdio_usb/reset_interface.c.obj
 .text.resetd_xfer_cb
                0x10004118        0x4 CMakeFiles/test-read.dir/home/devel/pico2/pico-sdk/src/rp2_common/pico_stdio_usb/reset_interface.c.obj
 .text.resetd_control_xfer_cb
                0x1000411c       0x4c CMakeFiles/test-read.dir/home/devel/pico2/pico-sdk/src/rp2_common/pico_stdio_usb/reset_interface.c.obj
 .text.tud_descriptor_bos_cb
                0x10004168        0x8 CMakeFiles/test-read.dir/home/devel/pico2/pico-sdk/src/rp2_common/pico_stdio_usb/reset_interface.c.obj
                0x10004168                tud_descriptor_bos_cb
 .text.tud_vendor_control_xfer_cb
                0x10004170       0x28 CMakeFiles/test-read.dir/home/devel/pico2/pico-sdk/src/rp2_common/pico_stdio_usb/reset_interface.c.obj
                0x10004170                tud_vendor_control_xfer_cb
 .text.usbd_app_driver_get_cb
                0x10004198       0x10 CMakeFiles/test-read.dir/home/devel/pico2/pico-sdk/src/rp2_common/pico_stdio_usb/reset_interface.c.obj
                0x10004198                usbd_app_driver_get_cb
 .text.tud_cdc_line_coding_cb
                0x100041a8       0x14 CMakeFiles/test-read.dir/home/devel/pico2/pico-sdk/src/rp2_common/pico_stdio_usb/reset_interface.c.obj
                0x100041a8                tud_cdc_line_coding_cb
 .text.stdio_usb_set_chars_available_callback
                0x100041bc       0x14 CMakeFiles/test-read.dir/home/devel/pico2/pico-sdk/src/rp2_common/pico_stdio_usb/stdio_usb.c.obj
                0x100041bc                stdio_usb_set_chars_available_callback
 .text.timer_task
                0x100041d0       0x70 CMakeFiles/test-read.dir/home/devel/pico2/pico-sdk/src/rp2_common/pico_stdio_usb/stdio_usb.c.obj
 .text.usb_irq  0x10004240        0xc CMakeFiles/test-read.dir/home/devel/pico2/pico-sdk/src/rp2_common/pico_stdio_usb/stdio_usb.c.obj
 .text.stdio_usb_in_chars
                0x1000424c       0x88 CMakeFiles/test-read.dir/home/devel/pico2/pico-sdk/src/rp2_common/pico_stdio_usb/stdio_usb.c.obj
                0x1000424c                stdio_usb_in_chars
 .text.stdio_usb_out_flush
                0x100042d4       0x54 CMakeFiles/test-read.dir/home/devel/pico2/pico-sdk/src/rp2_common/pico_stdio_usb/stdio_usb.c.obj
 .text.stdio_usb_out_chars
                0x10004328       0xf8 CMakeFiles/test-read.dir/home/devel/pico2/pico-sdk/src/rp2_common/pico_stdio_usb/stdio_usb.c.obj
 .text.low_priority_worker_irq
                0x10004420       0xd8 CMakeFiles/test-read.dir/home/devel/pico2/pico-sdk/src/rp2_common/pico_stdio_usb/stdio_usb.c.obj
 .text.stdio_usb_init
                0x100044f8       0xe4 CMakeFiles/test-read.dir/home/devel/pico2/pico-sdk/src/rp2_common/pico_stdio_usb/stdio_usb.c.obj
                0x100044f8                stdio_usb_init
 .text.tud_descriptor_device_cb
                0x100045dc        0x8 CMakeFiles/test-read.dir/home/devel/pico2/pico-sdk/src/rp2_common/pico_stdio_usb/stdio_usb_descriptors.c.obj
                0x100045dc                tud_descriptor_device_cb
 .text.tud_descriptor_configuration_cb
                0x100045e4        0x8 CMakeFiles/test-read.dir/home/devel/pico2/pico-sdk/src/rp2_common/pico_stdio_usb/stdio_usb_descriptors.c.obj
                0x100045e4                tud_descriptor_configuration_cb
 .text.tud_descriptor_string_cb
                0x100045ec       0x70 CMakeFiles/test-read.dir/home/devel/pico2/pico-sdk/src/rp2_common/pico_stdio_usb/stdio_usb_descriptors.c.obj
                0x100045ec                tud_descriptor_string_cb
 .text.startup._retrieve_unique_id_on_boot
                0x1000465c       0x30 CMakeFiles/test-read.dir/home/devel/pico2/pico-sdk/src/rp2_common/pico_unique_id/unique_id.c.obj
 .text.pico_get_unique_board_id_string
                0x1000468c      0x184 CMakeFiles/test-read.dir/home/devel/pico2/pico-sdk/src/rp2_common/pico_unique_id/unique_id.c.obj
                0x1000468c                pico_get_unique_board_id_string
 .text.dcd_init
                0x10004810       0x94 CMakeFiles/test-read.dir/home/devel/pico2/pico-sdk/lib/tinyusb/src/portable/raspberrypi/rp2040/dcd_rp2040.c.obj
                0x10004810                dcd_init
 .text.dcd_int_enable
                0x100048a4        0x8 CMakeFiles/test-read.dir/home/devel/pico2/pico-sdk/lib/tinyusb/src/portable/raspberrypi/rp2040/dcd_rp2040.c.obj
                0x100048a4                dcd_int_enable
 .text.dcd_set_address
                0x100048ac       0x10 CMakeFiles/test-read.dir/home/devel/pico2/pico-sdk/lib/tinyusb/src/portable/raspberrypi/rp2040/dcd_rp2040.c.obj
                0x100048ac                dcd_set_address
 .text.dcd_sof_enable
                0x100048bc       0x1c CMakeFiles/test-read.dir/home/devel/pico2/pico-sdk/lib/tinyusb/src/portable/raspberrypi/rp2040/dcd_rp2040.c.obj
                0x100048bc                dcd_sof_enable
 .text.dcd_edpt0_status_complete
                0x100048d8       0x1c CMakeFiles/test-read.dir/home/devel/pico2/pico-sdk/lib/tinyusb/src/portable/raspberrypi/rp2040/dcd_rp2040.c.obj
                0x100048d8                dcd_edpt0_status_complete
 .text.dcd_edpt_open
                0x100048f4       0xfc CMakeFiles/test-read.dir/home/devel/pico2/pico-sdk/lib/tinyusb/src/portable/raspberrypi/rp2040/dcd_rp2040.c.obj
                0x100048f4                dcd_edpt_open
 .text.dcd_edpt_close_all
                0x100049f0        0x4 CMakeFiles/test-read.dir/home/devel/pico2/pico-sdk/lib/tinyusb/src/portable/raspberrypi/rp2040/dcd_rp2040.c.obj
                0x100049f0                dcd_edpt_close_all
 .text.dcd_edpt_xfer
                0x100049f4       0x28 CMakeFiles/test-read.dir/home/devel/pico2/pico-sdk/lib/tinyusb/src/portable/raspberrypi/rp2040/dcd_rp2040.c.obj
                0x100049f4                dcd_edpt_xfer
 .text.dcd_edpt_stall
                0x10004a1c       0x30 CMakeFiles/test-read.dir/home/devel/pico2/pico-sdk/lib/tinyusb/src/portable/raspberrypi/rp2040/dcd_rp2040.c.obj
                0x10004a1c                dcd_edpt_stall
 .text.dcd_edpt_clear_stall
                0x10004a4c       0x2c CMakeFiles/test-read.dir/home/devel/pico2/pico-sdk/lib/tinyusb/src/portable/raspberrypi/rp2040/dcd_rp2040.c.obj
                0x10004a4c                dcd_edpt_clear_stall
 .text.rp2040_usb_init
                0x10004a78       0x40 CMakeFiles/test-read.dir/home/devel/pico2/pico-sdk/lib/tinyusb/src/portable/raspberrypi/rp2040/rp2040_usb.c.obj
                0x10004a78                rp2040_usb_init
 .text.hw_endpoint_xfer_start
                0x10004ab8       0x40 CMakeFiles/test-read.dir/home/devel/pico2/pico-sdk/lib/tinyusb/src/portable/raspberrypi/rp2040/rp2040_usb.c.obj
                0x10004ab8                hw_endpoint_xfer_start
 .text.configuration_reset
                0x10004af8       0x8c CMakeFiles/test-read.dir/home/devel/pico2/pico-sdk/lib/tinyusb/src/device/usbd.c.obj
 .text.tud_event_hook_cb
                0x10004b84        0x4 CMakeFiles/test-read.dir/home/devel/pico2/pico-sdk/lib/tinyusb/src/device/usbd.c.obj
                0x10004b84                tud_event_hook_cb
 .text.tud_sof_cb
                0x10004b88        0x4 CMakeFiles/test-read.dir/home/devel/pico2/pico-sdk/lib/tinyusb/src/device/usbd.c.obj
                0x10004b88                tud_sof_cb
 .text.tud_descriptor_device_qualifier_cb
                0x10004b8c        0x4 CMakeFiles/test-read.dir/home/devel/pico2/pico-sdk/lib/tinyusb/src/device/usbd.c.obj
                0x10004b8c                tud_descriptor_device_qualifier_cb
 .text.tud_descriptor_other_speed_configuration_cb
                0x10004b90        0x4 CMakeFiles/test-read.dir/home/devel/pico2/pico-sdk/lib/tinyusb/src/device/usbd.c.obj
                0x10004b90                tud_descriptor_other_speed_configuration_cb
 .text.tud_mount_cb
                0x10004b94        0x4 CMakeFiles/test-read.dir/home/devel/pico2/pico-sdk/lib/tinyusb/src/device/usbd.c.obj
                0x10004b94                tud_mount_cb
 .text.tud_umount_cb
                0x10004b98        0x4 CMakeFiles/test-read.dir/home/devel/pico2/pico-sdk/lib/tinyusb/src/device/usbd.c.obj
                0x10004b98                tud_umount_cb
 .text.tud_suspend_cb
                0x10004b9c        0x4 CMakeFiles/test-read.dir/home/devel/pico2/pico-sdk/lib/tinyusb/src/device/usbd.c.obj
                0x10004b9c                tud_suspend_cb
 .text.tud_resume_cb
                0x10004ba0        0x4 CMakeFiles/test-read.dir/home/devel/pico2/pico-sdk/lib/tinyusb/src/device/usbd.c.obj
                0x10004ba0                tud_resume_cb
 .text.tud_mounted
                0x10004ba4       0x10 CMakeFiles/test-read.dir/home/devel/pico2/pico-sdk/lib/tinyusb/src/device/usbd.c.obj
                0x10004ba4                tud_mounted
 .text.tud_suspended
                0x10004bb4       0x10 CMakeFiles/test-read.dir/home/devel/pico2/pico-sdk/lib/tinyusb/src/device/usbd.c.obj
                0x10004bb4                tud_suspended
 .text.tud_init
                0x10004bc4       0xe4 CMakeFiles/test-read.dir/home/devel/pico2/pico-sdk/lib/tinyusb/src/device/usbd.c.obj
                0x10004bc4                tud_init
 .text.tud_task_ext
                0x10004ca8      0x7ac CMakeFiles/test-read.dir/home/devel/pico2/pico-sdk/lib/tinyusb/src/device/usbd.c.obj
                0x10004ca8                tud_task_ext
 .text.usbd_open_edpt_pair
                0x10005454       0x9c CMakeFiles/test-read.dir/home/devel/pico2/pico-sdk/lib/tinyusb/src/device/usbd.c.obj
                0x10005454                usbd_open_edpt_pair
 .text.usbd_edpt_open
                0x100054f0       0x44 CMakeFiles/test-read.dir/home/devel/pico2/pico-sdk/lib/tinyusb/src/device/usbd.c.obj
                0x100054f0                usbd_edpt_open
 .text.usbd_edpt_claim
                0x10005534       0x24 CMakeFiles/test-read.dir/home/devel/pico2/pico-sdk/lib/tinyusb/src/device/usbd.c.obj
                0x10005534                usbd_edpt_claim
 .text.usbd_edpt_release
                0x10005558       0x24 CMakeFiles/test-read.dir/home/devel/pico2/pico-sdk/lib/tinyusb/src/device/usbd.c.obj
                0x10005558                usbd_edpt_release
 .text.usbd_edpt_xfer
                0x1000557c       0x70 CMakeFiles/test-read.dir/home/devel/pico2/pico-sdk/lib/tinyusb/src/device/usbd.c.obj
                0x1000557c                usbd_edpt_xfer
 .text.tud_control_status
                0x100055ec       0x34 CMakeFiles/test-read.dir/home/devel/pico2/pico-sdk/lib/tinyusb/src/device/usbd_control.c.obj
                0x100055ec                tud_control_status
 .text.tud_control_xfer
                0x10005620       0xac CMakeFiles/test-read.dir/home/devel/pico2/pico-sdk/lib/tinyusb/src/device/usbd_control.c.obj
                0x10005620                tud_control_xfer
 .text.usbd_control_reset
                0x100056cc       0x14 CMakeFiles/test-read.dir/home/devel/pico2/pico-sdk/lib/tinyusb/src/device/usbd_control.c.obj
                0x100056cc                usbd_control_reset
 .text.usbd_control_set_complete_callback
                0x100056e0        0xc CMakeFiles/test-read.dir/home/devel/pico2/pico-sdk/lib/tinyusb/src/device/usbd_control.c.obj
                0x100056e0                usbd_control_set_complete_callback
 .text.usbd_control_set_request
                0x100056ec       0x1c CMakeFiles/test-read.dir/home/devel/pico2/pico-sdk/lib/tinyusb/src/device/usbd_control.c.obj
                0x100056ec                usbd_control_set_request
 .text.usbd_control_xfer_cb
                0x10005708       0xfc CMakeFiles/test-read.dir/home/devel/pico2/pico-sdk/lib/tinyusb/src/device/usbd_control.c.obj
                0x10005708                usbd_control_xfer_cb
 .text._prep_out_transaction.isra.0
                0x10005804       0x60 CMakeFiles/test-read.dir/home/devel/pico2/pico-sdk/lib/tinyusb/src/class/cdc/cdc_device.c.obj
 .text.tud_cdc_n_connected
                0x10005864       0x2c CMakeFiles/test-read.dir/home/devel/pico2/pico-sdk/lib/tinyusb/src/class/cdc/cdc_device.c.obj
                0x10005864                tud_cdc_n_connected
 .text.tud_cdc_n_available
                0x10005890       0x18 CMakeFiles/test-read.dir/home/devel/pico2/pico-sdk/lib/tinyusb/src/class/cdc/cdc_device.c.obj
                0x10005890                tud_cdc_n_available
 .text.tud_cdc_n_read
                0x100058a8       0x90 CMakeFiles/test-read.dir/home/devel/pico2/pico-sdk/lib/tinyusb/src/class/cdc/cdc_device.c.obj
                0x100058a8                tud_cdc_n_read
 .text.tud_cdc_n_write_flush
                0x10005938       0x8c CMakeFiles/test-read.dir/home/devel/pico2/pico-sdk/lib/tinyusb/src/class/cdc/cdc_device.c.obj
                0x10005938                tud_cdc_n_write_flush
 .text.tud_cdc_n_write
                0x100059c4       0x40 CMakeFiles/test-read.dir/home/devel/pico2/pico-sdk/lib/tinyusb/src/class/cdc/cdc_device.c.obj
                0x100059c4                tud_cdc_n_write
 .text.tud_cdc_n_write_available
                0x10005a04       0x18 CMakeFiles/test-read.dir/home/devel/pico2/pico-sdk/lib/tinyusb/src/class/cdc/cdc_device.c.obj
                0x10005a04                tud_cdc_n_write_available
 .text.cdcd_init
                0x10005a1c       0x78 CMakeFiles/test-read.dir/home/devel/pico2/pico-sdk/lib/tinyusb/src/class/cdc/cdc_device.c.obj
                0x10005a1c                cdcd_init
 .text.cdcd_deinit
                0x10005a94       0x2c CMakeFiles/test-read.dir/home/devel/pico2/pico-sdk/lib/tinyusb/src/class/cdc/cdc_device.c.obj
                0x10005a94                cdcd_deinit
 .text.cdcd_reset
                0x10005ac0       0x4c CMakeFiles/test-read.dir/home/devel/pico2/pico-sdk/lib/tinyusb/src/class/cdc/cdc_device.c.obj
                0x10005ac0                cdcd_reset
 .text.cdcd_open
                0x10005b0c       0xb4 CMakeFiles/test-read.dir/home/devel/pico2/pico-sdk/lib/tinyusb/src/class/cdc/cdc_device.c.obj
                0x10005b0c                cdcd_open
 .text.cdcd_control_xfer_cb
                0x10005bc0       0xc4 CMakeFiles/test-read.dir/home/devel/pico2/pico-sdk/lib/tinyusb/src/class/cdc/cdc_device.c.obj
                0x10005bc0                cdcd_control_xfer_cb
 .text.cdcd_xfer_cb
                0x10005c84       0xfc CMakeFiles/test-read.dir/home/devel/pico2/pico-sdk/lib/tinyusb/src/class/cdc/cdc_device.c.obj
                0x10005c84                cdcd_xfer_cb
 .text.tud_vendor_n_write_flush
                0x10005d80       0x8c CMakeFiles/test-read.dir/home/devel/pico2/pico-sdk/lib/tinyusb/src/class/vendor/vendor_device.c.obj
                0x10005d80                tud_vendor_n_write_flush
 .text.vendord_init
                0x10005e0c       0x60 CMakeFiles/test-read.dir/home/devel/pico2/pico-sdk/lib/tinyusb/src/class/vendor/vendor_device.c.obj
                0x10005e0c                vendord_init
 .text.vendord_deinit
                0x10005e6c       0x34 CMakeFiles/test-read.dir/home/devel/pico2/pico-sdk/lib/tinyusb/src/class/vendor/vendor_device.c.obj
                0x10005e6c                vendord_deinit
 .text.vendord_reset
                0x10005ea0       0x20 CMakeFiles/test-read.dir/home/devel/pico2/pico-sdk/lib/tinyusb/src/class/vendor/vendor_device.c.obj
                0x10005ea0                vendord_reset
 .text.vendord_open
                0x10005ec0       0xcc CMakeFiles/test-read.dir/home/devel/pico2/pico-sdk/lib/tinyusb/src/class/vendor/vendor_device.c.obj
                0x10005ec0                vendord_open
 .text.vendord_xfer_cb
                0x10005f8c       0xbc CMakeFiles/test-read.dir/home/devel/pico2/pico-sdk/lib/tinyusb/src/class/vendor/vendor_device.c.obj
                0x10005f8c                vendord_xfer_cb
 .text.tusb_init
                0x10006048       0x1c CMakeFiles/test-read.dir/home/devel/pico2/pico-sdk/lib/tinyusb/src/tusb.c.obj
                0x10006048                tusb_init
 .text.tu_edpt_claim
                0x10006064       0x54 CMakeFiles/test-read.dir/home/devel/pico2/pico-sdk/lib/tinyusb/src/tusb.c.obj
                0x10006064                tu_edpt_claim
 .text.tu_edpt_release
                0x100060b8       0x38 CMakeFiles/test-read.dir/home/devel/pico2/pico-sdk/lib/tinyusb/src/tusb.c.obj
                0x100060b8                tu_edpt_release
 .text.tu_edpt_validate
                0x100060f0       0x64 CMakeFiles/test-read.dir/home/devel/pico2/pico-sdk/lib/tinyusb/src/tusb.c.obj
                0x100060f0                tu_edpt_validate
 .text.tu_edpt_bind_driver
                0x10006154       0x58 CMakeFiles/test-read.dir/home/devel/pico2/pico-sdk/lib/tinyusb/src/tusb.c.obj
                0x10006154                tu_edpt_bind_driver
 .text.tu_fifo_config
                0x100061ac       0x60 CMakeFiles/test-read.dir/home/devel/pico2/pico-sdk/lib/tinyusb/src/common/tusb_fifo.c.obj
                0x100061ac                tu_fifo_config
 .text.tu_fifo_count
                0x1000620c       0x20 CMakeFiles/test-read.dir/home/devel/pico2/pico-sdk/lib/tinyusb/src/common/tusb_fifo.c.obj
                0x1000620c                tu_fifo_count
 .text.tu_fifo_empty
                0x1000622c       0x14 CMakeFiles/test-read.dir/home/devel/pico2/pico-sdk/lib/tinyusb/src/common/tusb_fifo.c.obj
                0x1000622c                tu_fifo_empty
 .text.tu_fifo_remaining
                0x10006240       0x24 CMakeFiles/test-read.dir/home/devel/pico2/pico-sdk/lib/tinyusb/src/common/tusb_fifo.c.obj
                0x10006240                tu_fifo_remaining
 .text.tu_fifo_read
                0x10006264       0x94 CMakeFiles/test-read.dir/home/devel/pico2/pico-sdk/lib/tinyusb/src/common/tusb_fifo.c.obj
                0x10006264                tu_fifo_read
 .text.tu_fifo_read_n
                0x100062f8       0xd8 CMakeFiles/test-read.dir/home/devel/pico2/pico-sdk/lib/tinyusb/src/common/tusb_fifo.c.obj
                0x100062f8                tu_fifo_read_n
 .text.tu_fifo_write
                0x100063d0       0x84 CMakeFiles/test-read.dir/home/devel/pico2/pico-sdk/lib/tinyusb/src/common/tusb_fifo.c.obj
                0x100063d0                tu_fifo_write
 .text.tu_fifo_write_n
                0x10006454      0x194 CMakeFiles/test-read.dir/home/devel/pico2/pico-sdk/lib/tinyusb/src/common/tusb_fifo.c.obj
                0x10006454                tu_fifo_write_n
 .text.tu_fifo_clear
                0x100065e8       0x38 CMakeFiles/test-read.dir/home/devel/pico2/pico-sdk/lib/tinyusb/src/common/tusb_fifo.c.obj
                0x100065e8                tu_fifo_clear
 .text.tu_fifo_set_overwritable
                0x10006620       0x3c CMakeFiles/test-read.dir/home/devel/pico2/pico-sdk/lib/tinyusb/src/common/tusb_fifo.c.obj
                0x10006620                tu_fifo_set_overwritable
 .text.singlelift
                0x1000665c      0x190 CMakeFiles/test-read.dir/__/lifting/lifting-lib/lifting.c.obj
                0x1000665c                singlelift
 .text.ilift    0x100067ec      0x198 CMakeFiles/test-read.dir/__/lifting/lifting-lib/lifting.c.obj
                0x100067ec                ilift
 .text.lifting  0x10006984       0xd8 CMakeFiles/test-read.dir/__/lifting/lifting-lib/lifting.c.obj
                0x10006984                lifting
 .text.buildCRCTable
                0x10006a5c       0x78 CMakeFiles/test-read.dir/__/crc_crc16/crc_crc16_lib/crc.c.obj
                0x10006a5c                buildCRCTable
 .text.getCRC   0x10006ad4       0x28 CMakeFiles/test-read.dir/__/crc_crc16/crc_crc16_lib/crc.c.obj
                0x10006ad4                getCRC
 .text.bump_head
                0x10006afc        0xc CMakeFiles/test-read.dir/__/cir-buf/cir-buf-lib/head-tail.c.obj
                0x10006afc                bump_head
 .text.bump_tail
                0x10006b08        0xc CMakeFiles/test-read.dir/__/cir-buf/cir-buf-lib/head-tail.c.obj
                0x10006b08                bump_tail
 .text._quicksort
                0x10006b14      0x110 CMakeFiles/test-read.dir/__/klt/klt-lib/selectGoodFeatures.c.obj
                0x10006b14                _quicksort
 .text._KLTSelectGoodFeatures
                0x10006c24      0x66c CMakeFiles/test-read.dir/__/klt/klt-lib/selectGoodFeatures.c.obj
                0x10006c24                _KLTSelectGoodFeatures
 .text.KLTSelectGoodFeatures
                0x10007290       0xa8 CMakeFiles/test-read.dir/__/klt/klt-lib/selectGoodFeatures.c.obj
                0x10007290                KLTSelectGoodFeatures
 .text._computeKernels.constprop.0
                0x10007338      0x234 CMakeFiles/test-read.dir/__/klt/klt-lib/convolve.c.obj
 .text._convolveSeparate
                0x1000756c      0x2e0 CMakeFiles/test-read.dir/__/klt/klt-lib/convolve.c.obj
 .text._KLTToFloatImage
                0x1000784c       0x24 CMakeFiles/test-read.dir/__/klt/klt-lib/convolve.c.obj
                0x1000784c                _KLTToFloatImage
 .text._KLTGetKernelWidths
                0x10007870       0x20 CMakeFiles/test-read.dir/__/klt/klt-lib/convolve.c.obj
                0x10007870                _KLTGetKernelWidths
 .text._KLTComputeGradients
                0x10007890       0xbc CMakeFiles/test-read.dir/__/klt/klt-lib/convolve.c.obj
                0x10007890                _KLTComputeGradients
 *fill*         0x1000794c        0x4 
 .text._KLTComputeSmoothedImage
                0x10007950       0x80 CMakeFiles/test-read.dir/__/klt/klt-lib/convolve.c.obj
                0x10007950                _KLTComputeSmoothedImage
 .text.KLTError
                0x100079d0       0x44 CMakeFiles/test-read.dir/__/klt/klt-lib/error.c.obj
                0x100079d0                KLTError
 .text.KLTWarning
                0x10007a14       0x50 CMakeFiles/test-read.dir/__/klt/klt-lib/error.c.obj
                0x10007a14                KLTWarning
 .text.KLTCreateFeatureList
                0x10007a64       0x44 CMakeFiles/test-read.dir/__/klt/klt-lib/klt.c.obj
                0x10007a64                KLTCreateFeatureList
 .text.KLTUpdateTCBorder
                0x10007aa8      0x148 CMakeFiles/test-read.dir/__/klt/klt-lib/klt.c.obj
                0x10007aa8                KLTUpdateTCBorder
 .text.KLTCreateTrackingContext
                0x10007bf0       0xa4 CMakeFiles/test-read.dir/__/klt/klt-lib/klt.c.obj
                0x10007bf0                KLTCreateTrackingContext
 .text.KLTCountRemainingFeatures
                0x10007c94       0x28 CMakeFiles/test-read.dir/__/klt/klt-lib/klt.c.obj
                0x10007c94                KLTCountRemainingFeatures
 .text._KLTComputeSmoothSigma
                0x10007cbc       0x24 CMakeFiles/test-read.dir/__/klt/klt-lib/klt_util.c.obj
                0x10007cbc                _KLTComputeSmoothSigma
 .text._KLTCreateFloatImage
                0x10007ce0       0x30 CMakeFiles/test-read.dir/__/klt/klt-lib/klt_util.c.obj
                0x10007ce0                _KLTCreateFloatImage
 .text._KLTFreeFloatImage
                0x10007d10        0x4 CMakeFiles/test-read.dir/__/klt/klt-lib/klt_util.c.obj
                0x10007d10                _KLTFreeFloatImage
 .text._KLTWriteFloatImageToPGM
                0x10007d14        0x4 CMakeFiles/test-read.dir/__/klt/klt-lib/klt_util.c.obj
                0x10007d14                _KLTWriteFloatImageToPGM
 .text          0x10007d18      0x308 ../freertos/libfreertos.a(event_groups.c.obj)
                0x10007d18                xEventGroupCreate
                0x10007d34                xEventGroupSync
                0x10007e28                xEventGroupWaitBits
                0x10007edc                xEventGroupClearBits
                0x10007ef8                xEventGroupGetBitsFromISR
                0x10007f0c                xEventGroupSetBits
                0x10007f74                vEventGroupDelete
                0x10007fa0                vEventGroupSetBitsCallback
                0x10008004                vEventGroupClearBitsCallback
 .text          0x10008020       0x94 ../freertos/libfreertos.a(list.c.obj)
                0x10008020                vListInitialise
                0x10008038                vListInitialiseItem
                0x10008040                vListInsertEnd
                0x1000805c                vListInsert
                0x1000808c                uxListRemove
 *fill*         0x100080b4        0x4 
 .text          0x100080b8     0x132c ../freertos/libfreertos.a(queue.c.obj)
                0x100080b8                xQueueGenericReset
                0x1000812c                xQueueGenericCreate
                0x100081a4                xQueueCreateCountingSemaphore
                0x10008208                xQueueGenericSend
                0x10008544                xQueueCreateMutex
                0x100085ac                xQueueGenericSendFromISR
                0x100086d0                xQueueGiveFromISR
                0x10008728                xQueueReceive
                0x100089b8                xQueueSemaphoreTake
                0x10008c80                xQueuePeek
                0x10008f0c                xQueueReceiveFromISR
                0x10008f90                xQueuePeekFromISR
                0x10008fd8                uxQueueMessagesWaiting
                0x10008fec                uxQueueSpacesAvailable
                0x10009004                uxQueueMessagesWaitingFromISR
                0x10009008                vQueueDelete
                0x1000908c                uxQueueGetQueueItemSize
                0x10009090                uxQueueGetQueueLength
                0x10009094                xQueueIsQueueEmptyFromISR
                0x100090a0                xQueueIsQueueFullFromISR
                0x100090b0                vQueueAddToRegistry
                0x10009230                pcQueueGetName
                0x100092a4                vQueueUnregisterQueue
                0x1000931c                vQueueWaitForMessageRestricted
 .text          0x100093e4      0x774 ../freertos/libfreertos.a(stream_buffer.c.obj)
                0x100093e4                xStreamBufferGenericCreate
                0x10009438                vStreamBufferDelete
                0x1000944c                xStreamBufferReset
                0x10009488                xStreamBufferResetFromISR
                0x100094d0                xStreamBufferSetTriggerLevel
                0x100094e8                xStreamBufferSpacesAvailable
                0x10009508                xStreamBufferBytesAvailable
                0x1000951c                xStreamBufferSend
                0x100096c4                xStreamBufferSendFromISR
                0x100097cc                xStreamBufferReceive
                0x1000992c                xStreamBufferNextMessageLengthBytes
                0x10009988                xStreamBufferReceiveFromISR
                0x10009a80                xStreamBufferIsEmpty
                0x10009a90                xStreamBufferIsFull
                0x10009ac8                xStreamBufferSendCompletedFromISR
                0x10009b0c                xStreamBufferReceiveCompletedFromISR
                0x10009b50                uxStreamBufferGetStreamBufferNotificationIndex
                0x10009b54                vStreamBufferSetStreamBufferNotificationIndex
 .text          0x10009b58     0x1874 ../freertos/libfreertos.a(tasks.c.obj)
                0x10009e68                xTaskCreate
                0x10009f6c                vTaskDelete
                0x1000a014                uxTaskPriorityGet
                0x1000a03c                uxTaskPriorityGetFromISR
                0x1000a064                uxTaskBasePriorityGet
                0x1000a08c                uxTaskBasePriorityGetFromISR
                0x1000a0b4                vTaskPrioritySet
                0x1000a17c                vTaskSuspend
                0x1000a2cc                vTaskResume
                0x1000a368                xTaskResumeFromISR
                0x1000a420                vTaskStartScheduler
                0x1000a4d8                vTaskEndScheduler
                0x1000a540                vTaskSuspendAll
                0x1000a554                xTaskResumeAll
                0x1000a698                xTaskDelayUntil
                0x1000a72c                vTaskDelay
                0x1000a79c                xTaskGetTickCount
                0x1000a7a8                xTaskGetTickCountFromISR
                0x1000a7b4                uxTaskGetNumberOfTasks
                0x1000a7c0                pcTaskGetName
                0x1000a7d4                xTaskCatchUpTicks
                0x1000a804                xTaskIncrementTick
                0x1000a824                vTaskSwitchContext
                0x1000a8d4                vTaskPlaceOnEventList
                0x1000a95c                vTaskPlaceOnUnorderedEventList
                0x1000aa20                vTaskPlaceOnEventListRestricted
                0x1000aae8                xTaskRemoveFromEventList
                0x1000abac                vTaskRemoveFromUnorderedEventList
                0x1000ac48                vTaskSetTimeOutState
                0x1000ac6c                vTaskInternalSetTimeOutState
                0x1000ac80                xTaskCheckForTimeOut
                0x1000acdc                vTaskMissedYield
                0x1000acec                vTaskSetThreadLocalStoragePointer
                0x1000ad04                pvTaskGetThreadLocalStoragePointer
                0x1000ad28                xTaskGetCurrentTaskHandle
                0x1000ad34                xTaskGetCurrentTaskHandleForCore
                0x1000ad44                xTaskGetSchedulerState
                0x1000ad64                xTaskPriorityInherit
                0x1000adf4                xTaskPriorityDisinherit
                0x1000ae60                vTaskPriorityDisinheritAfterTimeout
                0x1000aedc                uxTaskResetEventItemValue
                0x1000aef4                pvTaskIncrementMutexHeldCount
                0x1000af08                ulTaskGenericNotifyTake
                0x1000af98                xTaskGenericNotifyWait
                0x1000b04c                xTaskGenericNotify
                0x1000b12c                xTaskGenericNotifyFromISR
                0x1000b250                vTaskGenericNotifyGiveFromISR
                0x1000b330                xTaskGenericNotifyStateClear
                0x1000b364                ulTaskGenericNotifyValueClear
                0x1000b394                vTaskResetState
 .text          0x1000b3cc      0x530 ../freertos/libfreertos.a(timers.c.obj)
                0x1000b6b4                xTimerCreateTimerTask
                0x1000b728                xTimerCreate
                0x1000b7c0                xTimerGenericCommandFromTask
                0x1000b804                xTimerGenericCommandFromISR
                0x1000b834                xTimerGetTimerDaemonTaskHandle
                0x1000b840                xTimerGetPeriod
                0x1000b844                vTimerSetReloadMode
                0x1000b874                xTimerGetReloadMode
                0x1000b88c                uxTimerGetReloadMode
                0x1000b8a4                xTimerGetExpiryTime
                0x1000b8a8                pcTimerGetName
                0x1000b8ac                xTimerIsTimerActive
                0x1000b8c4                pvTimerGetTimerID
                0x1000b8d8                vTimerSetTimerID
                0x1000b8ec                vTimerResetState
 .text          0x1000b8fc       0x38 ../freertos/libfreertos.a(heap_3.c.obj)
                0x1000b8fc                pvPortMalloc
                0x1000b914                vPortFree
                0x1000b930                vPortHeapResetState
 .text          0x1000b934      0x188 ../freertos/libfreertos.a(port.c.obj)
                0x1000b948                vPortSetupTimerInterrupt
                0x1000b968                vPortYield
                0x1000b980                vPortEnterCritical
                0x1000b998                vPortExitCritical
                0x1000b9ac                SysTick_Handler
                0x1000b9d0                vPortSVCHandler_C
                0x1000b9e0                pxPortInitialiseStack
                0x1000ba60                xPortStartScheduler
                0x1000baac                vPortEndScheduler
                0x1000bab0                xPortIsInsideInterrupt
 .text          0x1000babc       0x10 /usr/lib/gcc/arm-none-eabi/12.2.1/../../../arm-none-eabi/lib/thumb/v8-m.main+fp/softfp/libg.a(lib_a-calloc.o)
                0x1000babc                calloc
 .text          0x1000bacc       0x60 /usr/lib/gcc/arm-none-eabi/12.2.1/../../../arm-none-eabi/lib/thumb/v8-m.main+fp/softfp/libg.a(lib_a-callocr.o)
                0x1000bacc                _calloc_r
 .text          0x1000bb2c      0x1b4 /usr/lib/gcc/arm-none-eabi/12.2.1/../../../arm-none-eabi/lib/thumb/v8-m.main+fp/softfp/libg.a(lib_a-fflush.o)
                0x1000bb2c                __sflush_r
                0x1000bc64                _fflush_r
                0x1000bc90                fflush
 .text          0x1000bce0      0x214 /usr/lib/gcc/arm-none-eabi/12.2.1/../../../arm-none-eabi/lib/thumb/v8-m.main+fp/softfp/libg.a(lib_a-findfp.o)
                0x1000bce4                _cleanup_r
                0x1000bdcc                __sfmoreglue
                0x1000bdfc                __sfp
                0x1000bea0                _cleanup
                0x1000beb4                __sinit
                0x1000bebc                __sfp_lock_acquire
                0x1000bec0                __sfp_lock_release
                0x1000bec4                __sinit_lock_acquire
                0x1000bec8                __sinit_lock_release
                0x1000becc                __fp_lock_all
                0x1000bee0                __fp_unlock_all
 .text          0x1000bef4       0x44 /usr/lib/gcc/arm-none-eabi/12.2.1/../../../arm-none-eabi/lib/thumb/v8-m.main+fp/softfp/libg.a(lib_a-fprintf.o)
                0x1000bef4                _fprintf_r
                0x1000bf10                fprintf
 .text          0x1000bf38       0x68 /usr/lib/gcc/arm-none-eabi/12.2.1/../../../arm-none-eabi/lib/thumb/v8-m.main+fp/softfp/libg.a(lib_a-fputc.o)
                0x1000bf38                _fputc_r
                0x1000bf68                fputc
 .text          0x1000bfa0      0x2a0 /usr/lib/gcc/arm-none-eabi/12.2.1/../../../arm-none-eabi/lib/thumb/v8-m.main+fp/softfp/libg.a(lib_a-freer.o)
                0x1000bfa0                _malloc_trim_r
                0x1000c03c                _free_r
 .text          0x1000c240       0x88 /usr/lib/gcc/arm-none-eabi/12.2.1/../../../arm-none-eabi/lib/thumb/v8-m.main+fp/softfp/libg.a(lib_a-fwalk.o)
                0x1000c240                _fwalk
                0x1000c280                _fwalk_reent
 .text          0x1000c2c8       0xd8 /usr/lib/gcc/arm-none-eabi/12.2.1/../../../arm-none-eabi/lib/thumb/v8-m.main+fp/softfp/libg.a(lib_a-fwrite.o)
                0x1000c2c8                _fwrite_r
                0x1000c32c                fwrite
 .text          0x1000c3a0       0x20 /usr/lib/gcc/arm-none-eabi/12.2.1/../../../arm-none-eabi/lib/thumb/v8-m.main+fp/softfp/libg.a(lib_a-malloc.o)
                0x1000c3a0                malloc
                0x1000c3b0                free
 .text          0x1000c3c0      0x54c /usr/lib/gcc/arm-none-eabi/12.2.1/../../../arm-none-eabi/lib/thumb/v8-m.main+fp/softfp/libg.a(lib_a-mallocr.o)
                0x1000c3c0                _malloc_r
 .text          0x1000c90c       0xec /usr/lib/gcc/arm-none-eabi/12.2.1/../../../arm-none-eabi/lib/thumb/v8-m.main+fp/softfp/libg.a(lib_a-memcpy.o)
                0x1000c90c                memcpy
 .text          0x1000c9f8       0xa8 /usr/lib/gcc/arm-none-eabi/12.2.1/../../../arm-none-eabi/lib/thumb/v8-m.main+fp/softfp/libg.a(lib_a-memset.o)
                0x1000c9f8                memset
 .text          0x1000caa0        0x8 /usr/lib/gcc/arm-none-eabi/12.2.1/../../../arm-none-eabi/lib/thumb/v8-m.main+fp/softfp/libg.a(lib_a-mlock.o)
                0x1000caa0                __malloc_lock
                0x1000caa4                __malloc_unlock
 .text          0x1000caa8       0xb8 /usr/lib/gcc/arm-none-eabi/12.2.1/../../../arm-none-eabi/lib/thumb/v8-m.main+fp/softfp/libg.a(lib_a-putc.o)
                0x1000caa8                _putc_r
                0x1000cb00                putc
 .text          0x1000cb60      0x36c /usr/lib/gcc/arm-none-eabi/12.2.1/../../../arm-none-eabi/lib/thumb/v8-m.main+fp/softfp/libg.a(lib_a-reallocr.o)
                0x1000cb60                _realloc_r
 .text          0x1000cecc       0x24 /usr/lib/gcc/arm-none-eabi/12.2.1/../../../arm-none-eabi/lib/thumb/v8-m.main+fp/softfp/libg.a(lib_a-sbrkr.o)
                0x1000cecc                _sbrk_r
 .text          0x1000cef0       0x98 /usr/lib/gcc/arm-none-eabi/12.2.1/../../../arm-none-eabi/lib/thumb/v8-m.main+fp/softfp/libg.a(lib_a-stdio.o)
                0x1000cef0                __sread
                0x1000cf14                __seofread
                0x1000cf18                __swrite
                0x1000cf58                __sseek
                0x1000cf80                __sclose
 .text          0x1000cf88       0x5c /usr/lib/gcc/arm-none-eabi/12.2.1/../../../arm-none-eabi/lib/thumb/v8-m.main+fp/softfp/libg.a(lib_a-strlen-stub.o)
                0x1000cf88                strlen
 *fill*         0x1000cfe4        0x4 
 .text          0x1000cfe8     0x1554 /usr/lib/gcc/arm-none-eabi/12.2.1/../../../arm-none-eabi/lib/thumb/v8-m.main+fp/softfp/libg.a(lib_a-vfprintf.o)
                0x1000cfe8                _vfprintf_r
                0x1000e4b8                vfprintf
 .text          0x1000e53c       0xbc /usr/lib/gcc/arm-none-eabi/12.2.1/../../../arm-none-eabi/lib/thumb/v8-m.main+fp/softfp/libg.a(lib_a-wbuf.o)
                0x1000e53c                __swbuf_r
                0x1000e5e8                __swbuf
 .text          0x1000e5f8       0x2c /usr/lib/gcc/arm-none-eabi/12.2.1/../../../arm-none-eabi/lib/thumb/v8-m.main+fp/softfp/libg.a(lib_a-writer.o)
                0x1000e5f8                _write_r
 .text          0x1000e624       0xc4 /usr/lib/gcc/arm-none-eabi/12.2.1/../../../arm-none-eabi/lib/thumb/v8-m.main+fp/softfp/libg.a(lib_a-wsetup.o)
                0x1000e624                __swsetup_r
 .text          0x1000e6e8       0x24 /usr/lib/gcc/arm-none-eabi/12.2.1/../../../arm-none-eabi/lib/thumb/v8-m.main+fp/softfp/libg.a(lib_a-closer.o)
                0x1000e6e8                _close_r
 *fill*         0x1000e70c        0x4 
 .text          0x1000e710      0xfe8 /usr/lib/gcc/arm-none-eabi/12.2.1/../../../arm-none-eabi/lib/thumb/v8-m.main+fp/softfp/libg.a(lib_a-dtoa.o)
                0x1000e848                _dtoa_r
 .text          0x1000f6f8       0x98 /usr/lib/gcc/arm-none-eabi/12.2.1/../../../arm-none-eabi/lib/thumb/v8-m.main+fp/softfp/libg.a(lib_a-fclose.o)
                0x1000f6f8                _fclose_r
                0x1000f780                fclose
 .text          0x1000f790      0x2e4 /usr/lib/gcc/arm-none-eabi/12.2.1/../../../arm-none-eabi/lib/thumb/v8-m.main+fp/softfp/libg.a(lib_a-fvwrite.o)
                0x1000f790                __sfvwrite_r
 .text          0x1000fa74       0x14 /usr/lib/gcc/arm-none-eabi/12.2.1/../../../arm-none-eabi/lib/thumb/v8-m.main+fp/softfp/libg.a(lib_a-localeconv.o)
                0x1000fa74                __localeconv_l
                0x1000fa78                _localeconv_r
                0x1000fa80                localeconv
 .text          0x1000fa88       0x2c /usr/lib/gcc/arm-none-eabi/12.2.1/../../../arm-none-eabi/lib/thumb/v8-m.main+fp/softfp/libg.a(lib_a-lseekr.o)
                0x1000fa88                _lseek_r
 .text          0x1000fab4      0x144 /usr/lib/gcc/arm-none-eabi/12.2.1/../../../arm-none-eabi/lib/thumb/v8-m.main+fp/softfp/libg.a(lib_a-makebuf.o)
                0x1000fab4                __smakebuf_r
                0x1000fb98                __swhatbuf_r
 .text          0x1000fbf8       0x98 /usr/lib/gcc/arm-none-eabi/12.2.1/../../../arm-none-eabi/lib/thumb/v8-m.main+fp/softfp/libg.a(lib_a-memchr-stub.o)
                0x1000fbf8                memchr
 .text          0x1000fc90      0x100 /usr/lib/gcc/arm-none-eabi/12.2.1/../../../arm-none-eabi/lib/thumb/v8-m.main+fp/softfp/libg.a(lib_a-memmove.o)
                0x1000fc90                memmove
 .text          0x1000fd90      0xa68 /usr/lib/gcc/arm-none-eabi/12.2.1/../../../arm-none-eabi/lib/thumb/v8-m.main+fp/softfp/libg.a(lib_a-mprec.o)
                0x1000fd90                _Balloc
                0x1000fddc                _Bfree
                0x1000fdf0                __multadd
                0x1000fe94                __s2b
                0x1000ff44                __hi0bits
                0x1000ff8c                __lo0bits
                0x1000ffec                __i2b
                0x10010048                __multiply
                0x100101ac                __pow5mult
                0x10010260                __lshift
                0x10010348                __mcmp
                0x1001038c                __mdiff
                0x100104ec                __ulp
                0x10010538                __b2d
                0x100105f0                __d2b
                0x100106b0                __ratio
                0x10010704                _mprec_log10
                0x1001073c                __copybits
                0x10010798                __any_on
 .text          0x100107f8       0x2c /usr/lib/gcc/arm-none-eabi/12.2.1/../../../arm-none-eabi/lib/thumb/v8-m.main+fp/softfp/libg.a(lib_a-readr.o)
                0x100107f8                _read_r
 .text          0x10010824      0xd14 /usr/lib/gcc/arm-none-eabi/12.2.1/../../../arm-none-eabi/lib/thumb/v8-m.main+fp/softfp/libg.a(lib_a-vfiprintf.o)
                0x1001089c                __sprint_r
                0x100108b4                _vfiprintf_r
                0x100114b4                vfiprintf
 .text          0x10011538       0xe0 /usr/lib/gcc/arm-none-eabi/12.2.1/../../../arm-none-eabi/lib/thumb/v8-m.main+fp/softfp/libg.a(lib_a-fputwc.o)
                0x10011538                __fputwc
                0x100115b0                _fputwc_r
                0x100115d8                fputwc
 .text          0x10011618       0x2c /usr/lib/gcc/arm-none-eabi/12.2.1/../../../arm-none-eabi/lib/thumb/v8-m.main+fp/softfp/libg.a(lib_a-fstatr.o)
                0x10011618                _fstat_r
 .text          0x10011644       0x24 /usr/lib/gcc/arm-none-eabi/12.2.1/../../../arm-none-eabi/lib/thumb/v8-m.main+fp/softfp/libg.a(lib_a-isattyr.o)
                0x10011644                _isatty_r
 .text          0x10011668       0x8c /usr/lib/gcc/arm-none-eabi/12.2.1/../../../arm-none-eabi/lib/thumb/v8-m.main+fp/softfp/libg.a(lib_a-locale.o)
                0x10011668                _setlocale_r
                0x100116a8                __locale_mb_cur_max
                0x100116b4                setlocale
 .text          0x100116f4       0x40 /usr/lib/gcc/arm-none-eabi/12.2.1/../../../arm-none-eabi/lib/thumb/v8-m.main+fp/softfp/libg.a(lib_a-mbtowc_r.o)
                0x100116f4                _mbtowc_r
                0x10011708                __ascii_mbtowc
 .text          0x10011734      0x1bc /usr/lib/gcc/arm-none-eabi/12.2.1/../../../arm-none-eabi/lib/thumb/v8-m.main+fp/softfp/libg.a(lib_a-strcmp.o)
                0x10011734                strcmp
 .text          0x100118f0       0x8c /usr/lib/gcc/arm-none-eabi/12.2.1/../../../arm-none-eabi/lib/thumb/v8-m.main+fp/softfp/libg.a(lib_a-wcrtomb.o)
                0x100118f0                _wcrtomb_r
                0x1001192c                wcrtomb
 .text          0x1001197c       0x30 /usr/lib/gcc/arm-none-eabi/12.2.1/../../../arm-none-eabi/lib/thumb/v8-m.main+fp/softfp/libg.a(lib_a-wctomb_r.o)
                0x1001197c                _wctomb_r
                0x10011990                __ascii_wctomb
 *(.fini)
 .fini          0x100119ac        0x4 /usr/lib/gcc/arm-none-eabi/12.2.1/thumb/v8-m.main+fp/softfp/crti.o
                0x100119ac                _fini
 .fini.__stub   0x100119b0       0x58 linker stubs
 *crtbegin.o(.ctors)
 *crtbegin?.o(.ctors)
 *(EXCLUDE_FILE(*crtend.o *crtend?.o) .ctors)
 *(SORT_BY_NAME(.ctors.*))
 *(.ctors)
 *crtbegin.o(.dtors)
 *crtbegin?.o(.dtors)
 *(EXCLUDE_FILE(*crtend.o *crtend?.o) .dtors)
 *(SORT_BY_NAME(.dtors.*))
 *(.dtors)
                0x10011a08                        . = ALIGN (0x4)
                0x10011a08                        PROVIDE (__preinit_array_start = .)
 *(SORT_BY_NAME(.preinit_array.*))
 .preinit_array.00050
                0x10011a08        0x4 CMakeFiles/test-read.dir/home/devel/pico2/pico-sdk/src/rp2_common/pico_runtime_init/runtime_init.c.obj
                0x10011a08                __pre_init_runtime_init_bootrom_reset
 .preinit_array.00100
                0x10011a0c        0x4 CMakeFiles/test-read.dir/home/devel/pico2/pico-sdk/src/rp2_common/pico_runtime_init/runtime_init.c.obj
                0x10011a0c                __pre_init_runtime_init_early_resets
 .preinit_array.00101
                0x10011a10        0x4 CMakeFiles/test-read.dir/home/devel/pico2/pico-sdk/src/rp2_common/pico_runtime_init/runtime_init.c.obj
                0x10011a10                __pre_init_runtime_init_usb_power_down
 .preinit_array.00500
                0x10011a14        0x4 CMakeFiles/test-read.dir/home/devel/pico2/pico-sdk/src/rp2_common/pico_runtime_init/runtime_init.c.obj
                0x10011a14                __pre_init_runtime_init_clocks
 .preinit_array.00600
                0x10011a18        0x4 CMakeFiles/test-read.dir/home/devel/pico2/pico-sdk/src/rp2_common/pico_runtime_init/runtime_init.c.obj
                0x10011a18                __pre_init_runtime_init_post_clock_resets
 .preinit_array.01000
                0x10011a1c        0x4 CMakeFiles/test-read.dir/home/devel/pico2/pico-sdk/src/rp2_common/pico_runtime_init/runtime_init.c.obj
                0x10011a1c                __pre_init_runtime_init_spin_locks_reset
 .preinit_array.01000
                0x10011a20        0x4 CMakeFiles/test-read.dir/home/devel/pico2/pico-sdk/src/rp2_common/hardware_boot_lock/boot_lock.c.obj
                0x10011a20                __pre_init_runtime_init_boot_locks_reset
 .preinit_array.01010
                0x10011a24        0x4 CMakeFiles/test-read.dir/home/devel/pico2/pico-sdk/src/rp2_common/pico_bootrom/bootrom_lock.c.obj
                0x10011a24                __pre_init_runtime_init_bootrom_locking_enable
 .preinit_array.01100
                0x10011a28        0x4 CMakeFiles/test-read.dir/home/devel/pico2/pico-sdk/src/common/pico_sync/mutex.c.obj
                0x10011a28                __pre_init_runtime_init_mutex
 .preinit_array.10080
                0x10011a2c        0x4 CMakeFiles/test-read.dir/home/devel/pico2/pico-sdk/src/rp2_common/pico_runtime_init/runtime_init.c.obj
                0x10011a2c                __pre_init_runtime_init_install_ram_vector_table
 .preinit_array.11000
                0x10011a30        0x4 CMakeFiles/test-read.dir/home/devel/pico2/pico-sdk/src/common/pico_time/time.c.obj
                0x10011a30                __pre_init_runtime_init_default_alarm_pool
 .preinit_array.YYYYY
                0x10011a34        0x4 CMakeFiles/test-read.dir/home/devel/pico2/pico-sdk/src/rp2_common/pico_runtime/runtime.c.obj
                0x10011a34                __pre_init_first_per_core_initializer
 .preinit_array.ZZZZZ.00051
                0x10011a38        0x4 CMakeFiles/test-read.dir/home/devel/pico2/pico-sdk/src/rp2_common/pico_runtime_init/runtime_init.c.obj
                0x10011a38                __pre_init_runtime_init_per_core_bootrom_reset
 .preinit_array.ZZZZZ.00200
                0x10011a3c        0x4 CMakeFiles/test-read.dir/home/devel/pico2/pico-sdk/src/rp2_common/pico_runtime_init/runtime_init.c.obj
                0x10011a3c                __pre_init_runtime_init_per_core_enable_coprocessors
 .preinit_array.ZZZZZ.01000
                0x10011a40        0x4 CMakeFiles/test-read.dir/home/devel/pico2/pico-sdk/src/rp2_common/hardware_sync_spin_lock/sync_spin_lock.c.obj
                0x10011a40                __pre_init_spinlock_set_extexclall
 .preinit_array.ZZZZZ.01200
                0x10011a44        0x4 CMakeFiles/test-read.dir/home/devel/pico2/pico-sdk/src/rp2_common/hardware_irq/irq.c.obj
                0x10011a44                __pre_init_runtime_init_per_core_irq_priorities
 *(.preinit_array)
                0x10011a48                        PROVIDE (__preinit_array_end = .)
                0x10011a48                        . = ALIGN (0x4)
                0x10011a48                        PROVIDE (__init_array_start = .)
 *(SORT_BY_NAME(.init_array.*))
 *(.init_array)
 .init_array    0x10011a48        0x4 /usr/lib/gcc/arm-none-eabi/12.2.1/thumb/v8-m.main+fp/softfp/crtbegin.o
 .init_array    0x10011a4c        0x4 CMakeFiles/test-read.dir/home/devel/pico2/pico-sdk/src/rp2_common/pico_unique_id/unique_id.c.obj
                0x10011a50                        PROVIDE (__init_array_end = .)
                0x10011a50                        . = ALIGN (0x4)
                0x10011a50                        PROVIDE (__fini_array_start = .)
 *(SORT_BY_NAME(.fini_array.*))
 *(.fini_array)
                0x10011a50                        PROVIDE (__fini_array_end = .)
 *(.eh_frame*)
 .eh_frame      0x10011a50        0x0 /usr/lib/gcc/arm-none-eabi/12.2.1/thumb/v8-m.main+fp/softfp/crtbegin.o
                0x10011a50                        . = ALIGN (0x4)

.glue_7         0x10011a50        0x0
 .glue_7        0x10011a50        0x0 linker stubs

.glue_7t        0x10011a50        0x0
 .glue_7t       0x10011a50        0x0 linker stubs

.vfp11_veneer   0x10011a50        0x0
 .vfp11_veneer  0x10011a50        0x0 linker stubs

.v4_bx          0x10011a50        0x0
 .v4_bx         0x10011a50        0x0 linker stubs

.iplt           0x10011a50        0x0
 .iplt          0x10011a50        0x0 /usr/lib/gcc/arm-none-eabi/12.2.1/thumb/v8-m.main+fp/softfp/crtbegin.o

.boot2          0x10011a50        0x0
                0x10011a50                        __boot2_start__ = .
 *(.boot2)
                0x10011a50                        __boot2_end__ = .
                0x00000001                        ASSERT (((__boot2_end__ - __boot2_start__) <= 0x100), ERROR: Pico second stage bootloader must be no more than 256 bytes in size)

.rodata         0x10011a50      0xcf8
 *(EXCLUDE_FILE(*libm.a: *libc.a:*lib_a-mem*.o *libgcc.a:) .rodata*)
 .rodata.processliftklt.str1.4
                0x10011a50      0x108 CMakeFiles/test-read.dir/main.c.obj
 .rodata.vASendStream.str1.4
                0x10011b58       0x1e CMakeFiles/test-read.dir/main.c.obj
 *fill*         0x10011b76        0x2 
 .rodata.vAReadStream.str1.4
                0x10011b78        0x4 CMakeFiles/test-read.dir/main.c.obj
 .rodata.main.str1.4
                0x10011b7c       0x1f CMakeFiles/test-read.dir/main.c.obj
 *fill*         0x10011b9b        0x1 
 .rodata.panic.str1.4
                0x10011b9c       0x10 CMakeFiles/test-read.dir/home/devel/pico2/pico-sdk/src/rp2_common/pico_platform_panic/panic.c.obj
                                 0x12 (size before relaxing)
 .rodata.spin_lock_claim_unused.str1.4
                0x10011bac       0x1b CMakeFiles/test-read.dir/home/devel/pico2/pico-sdk/src/rp2_common/hardware_sync/sync.c.obj
 *fill*         0x10011bc7        0x1 
 .rodata.user_irq_claim_unused.str1.4
                0x10011bc8       0x1b CMakeFiles/test-read.dir/home/devel/pico2/pico-sdk/src/rp2_common/hardware_irq/irq.c.obj
 *fill*         0x10011be3        0x5 
 .rodata.at_the_end_of_time
                0x10011be8        0x8 CMakeFiles/test-read.dir/home/devel/pico2/pico-sdk/src/common/pico_time/time.c.obj
                0x10011be8                at_the_end_of_time
 .rodata.timer_hardware_alarm_claim.str1.4
                0x10011bf0       0x22 CMakeFiles/test-read.dir/home/devel/pico2/pico-sdk/src/rp2_common/hardware_timer/timer.c.obj
 *fill*         0x10011c12        0x2 
 .rodata.hard_assertion_failure.str1.4
                0x10011c14        0xc CMakeFiles/test-read.dir/home/devel/pico2/pico-sdk/src/rp2_common/pico_runtime/runtime.c.obj
 .rodata.__wrap_malloc.str1.4
                0x10011c20        0xc CMakeFiles/test-read.dir/home/devel/pico2/pico-sdk/src/rp2_common/pico_malloc/malloc.c.obj
                                  0xe (size before relaxing)
 .rodata.str1.4
                0x10011c20       0x30 CMakeFiles/test-read.dir/home/devel/pico2/pico-sdk/src/rp2_common/pico_standard_binary_info/standard_binary_info.c.obj
 .rodata.__bi_84
                0x10011c50        0xc CMakeFiles/test-read.dir/home/devel/pico2/pico-sdk/src/rp2_common/pico_standard_binary_info/standard_binary_info.c.obj
 .rodata.__bi_54
                0x10011c5c        0xc CMakeFiles/test-read.dir/home/devel/pico2/pico-sdk/src/rp2_common/pico_standard_binary_info/standard_binary_info.c.obj
 .rodata.__bi_48
                0x10011c68        0xc CMakeFiles/test-read.dir/home/devel/pico2/pico-sdk/src/rp2_common/pico_standard_binary_info/standard_binary_info.c.obj
 .rodata.__bi_42
                0x10011c74        0xc CMakeFiles/test-read.dir/home/devel/pico2/pico-sdk/src/rp2_common/pico_standard_binary_info/standard_binary_info.c.obj
 .rodata.__bi_34
                0x10011c80        0xc CMakeFiles/test-read.dir/home/devel/pico2/pico-sdk/src/rp2_common/pico_standard_binary_info/standard_binary_info.c.obj
 .rodata.__bi_26
                0x10011c8c        0xc CMakeFiles/test-read.dir/home/devel/pico2/pico-sdk/src/rp2_common/pico_standard_binary_info/standard_binary_info.c.obj
 .rodata._ftoa.str1.4
                0x10011c98       0x15 CMakeFiles/test-read.dir/home/devel/pico2/pico-sdk/src/rp2_common/pico_printf/printf.c.obj
 *fill*         0x10011cad        0x3 
 .rodata.pow10.0
                0x10011cb0       0x50 CMakeFiles/test-read.dir/home/devel/pico2/pico-sdk/src/rp2_common/pico_printf/printf.c.obj
 .rodata.__assert_func.str1.4
                0x10011d00       0x3f CMakeFiles/test-read.dir/home/devel/pico2/pico-sdk/src/rp2_common/pico_clib_interface/newlib_interface.c.obj
                                 0x43 (size before relaxing)
 *fill*         0x10011d3f        0x1 
 .rodata.crlf_str.0
                0x10011d40        0x2 CMakeFiles/test-read.dir/home/devel/pico2/pico-sdk/src/rp2_common/pico_stdio/stdio.c.obj
 *fill*         0x10011d42        0x2 
 .rodata._resetd_driver
                0x10011d44       0x20 CMakeFiles/test-read.dir/home/devel/pico2/pico-sdk/src/rp2_common/pico_stdio_usb/reset_interface.c.obj
 .rodata.desc_ms_os_20
                0x10011d64       0xa6 CMakeFiles/test-read.dir/home/devel/pico2/pico-sdk/src/rp2_common/pico_stdio_usb/reset_interface.c.obj
 *fill*         0x10011e0a        0x2 
 .rodata.desc_bos
                0x10011e0c       0x21 CMakeFiles/test-read.dir/home/devel/pico2/pico-sdk/src/rp2_common/pico_stdio_usb/reset_interface.c.obj
                0x10011e0c                desc_bos
 *fill*         0x10011e2d        0x3 
 .rodata.str1.4
                0x10011e30       0x13 CMakeFiles/test-read.dir/home/devel/pico2/pico-sdk/src/rp2_common/pico_stdio_usb/stdio_usb.c.obj
 *fill*         0x10011e43        0x1 
 .rodata.__bi_197.0
                0x10011e44        0xc CMakeFiles/test-read.dir/home/devel/pico2/pico-sdk/src/rp2_common/pico_stdio_usb/stdio_usb.c.obj
 .rodata.str1.4
                0x10011e50       0x2a CMakeFiles/test-read.dir/home/devel/pico2/pico-sdk/src/rp2_common/pico_stdio_usb/stdio_usb_descriptors.c.obj
 *fill*         0x10011e7a        0x2 
 .rodata.usbd_desc_str
                0x10011e7c       0x18 CMakeFiles/test-read.dir/home/devel/pico2/pico-sdk/src/rp2_common/pico_stdio_usb/stdio_usb_descriptors.c.obj
 .rodata.usbd_desc_cfg
                0x10011e94       0x54 CMakeFiles/test-read.dir/home/devel/pico2/pico-sdk/src/rp2_common/pico_stdio_usb/stdio_usb_descriptors.c.obj
 .rodata.usbd_desc_device
                0x10011ee8       0x12 CMakeFiles/test-read.dir/home/devel/pico2/pico-sdk/src/rp2_common/pico_stdio_usb/stdio_usb_descriptors.c.obj
 *fill*         0x10011efa        0x2 
 .rodata.str1.4
                0x10011efc       0x14 CMakeFiles/test-read.dir/home/devel/pico2/pico-sdk/lib/tinyusb/src/portable/raspberrypi/rp2040/dcd_rp2040.c.obj
 .rodata.str1.4
                0x10011f10       0x48 CMakeFiles/test-read.dir/home/devel/pico2/pico-sdk/lib/tinyusb/src/portable/raspberrypi/rp2040/rp2040_usb.c.obj
 .rodata._usbd_driver
                0x10011f58       0x40 CMakeFiles/test-read.dir/home/devel/pico2/pico-sdk/lib/tinyusb/src/device/usbd.c.obj
 .rodata._KLTSelectGoodFeatures.str1.4
                0x10011f98      0x22a CMakeFiles/test-read.dir/__/klt/klt-lib/selectGoodFeatures.c.obj
 *fill*         0x100121c2        0x2 
 .rodata.KLTSelectGoodFeatures.str1.4
                0x100121c4       0x80 CMakeFiles/test-read.dir/__/klt/klt-lib/selectGoodFeatures.c.obj
 .rodata._computeKernels.constprop.0.str1.4
                0x10012244       0x45 CMakeFiles/test-read.dir/__/klt/klt-lib/convolve.c.obj
 *fill*         0x10012289        0x3 
 .rodata.KLTError.str1.4
                0x1001228c        0xc CMakeFiles/test-read.dir/__/klt/klt-lib/error.c.obj
 .rodata.KLTWarning.str1.4
                0x10012298        0xe CMakeFiles/test-read.dir/__/klt/klt-lib/error.c.obj
 *fill*         0x100122a6        0x2 
 .rodata.KLTUpdateTCBorder.str1.4
                0x100122a8      0x11d CMakeFiles/test-read.dir/__/klt/klt-lib/klt.c.obj
 *fill*         0x100123c5        0x3 
 .rodata._KLTCreateFloatImage.str1.4
                0x100123c8       0x26 CMakeFiles/test-read.dir/__/klt/klt-lib/klt_util.c.obj
 *fill*         0x100123ee        0x2 
 .rodata.str1.4
                0x100123f0       0x10 ../freertos/libfreertos.a(timers.c.obj)
 .rodata        0x10012400        0x4 /usr/lib/gcc/arm-none-eabi/12.2.1/../../../arm-none-eabi/lib/thumb/v8-m.main+fp/softfp/libg.a(lib_a-impure.o)
                0x10012400                _global_impure_ptr
 .rodata.str1.4
                0x10012404       0x3b /usr/lib/gcc/arm-none-eabi/12.2.1/../../../arm-none-eabi/lib/thumb/v8-m.main+fp/softfp/libg.a(lib_a-vfprintf.o)
                                 0x42 (size before relaxing)
 *fill*         0x1001243f        0x1 
 .rodata        0x10012440       0x20 /usr/lib/gcc/arm-none-eabi/12.2.1/../../../arm-none-eabi/lib/thumb/v8-m.main+fp/softfp/libg.a(lib_a-vfprintf.o)
 .rodata.str1.4
                0x10012460       0x56 /usr/lib/gcc/arm-none-eabi/12.2.1/../../../arm-none-eabi/lib/thumb/v8-m.main+fp/softfp/libg.a(lib_a-dtoa.o)
                                 0x5a (size before relaxing)
 *fill*         0x100124b6        0x2 
 .rodata.str1.4
                0x100124b8       0x33 /usr/lib/gcc/arm-none-eabi/12.2.1/../../../arm-none-eabi/lib/thumb/v8-m.main+fp/softfp/libg.a(lib_a-mprec.o)
                                 0x47 (size before relaxing)
 *fill*         0x100124eb        0x5 
 .rodata        0x100124f0      0x128 /usr/lib/gcc/arm-none-eabi/12.2.1/../../../arm-none-eabi/lib/thumb/v8-m.main+fp/softfp/libg.a(lib_a-mprec.o)
                0x10012500                __mprec_tens
                0x100125c8                __mprec_tinytens
                0x100125f0                __mprec_bigtens
 .rodata.str1.4
                0x10012618       0x2f /usr/lib/gcc/arm-none-eabi/12.2.1/../../../arm-none-eabi/lib/thumb/v8-m.main+fp/softfp/libg.a(lib_a-vfiprintf.o)
 .rodata        0x10012618       0x20 /usr/lib/gcc/arm-none-eabi/12.2.1/../../../arm-none-eabi/lib/thumb/v8-m.main+fp/softfp/libg.a(lib_a-vfiprintf.o)
 .rodata.str1.4
                0x10012638        0xa /usr/lib/gcc/arm-none-eabi/12.2.1/../../../arm-none-eabi/lib/thumb/v8-m.main+fp/softfp/libg.a(lib_a-locale.o)
                                 0x12 (size before relaxing)
 *fill*         0x10012642        0x2 
 .rodata        0x10012644      0x101 /usr/lib/gcc/arm-none-eabi/12.2.1/../../../arm-none-eabi/lib/thumb/v8-m.main+fp/softfp/libg.a(lib_a-ctype_.o)
                0x10012644                _ctype_
 *(.srodata*)
                0x10012748                        . = ALIGN (0x4)
 *fill*         0x10012745        0x3 
 *(SORT_BY_ALIGNMENT(SORT_BY_NAME(.flashdata*)))
                0x10012748                        . = ALIGN (0x4)

.ARM.extab
 *(.ARM.extab* .gnu.linkonce.armextab.*)
                0x10012748                        __exidx_start = .

.ARM.exidx      0x10012748        0x8
 *(.ARM.exidx* .gnu.linkonce.armexidx.*)
 .ARM.exidx     0x10012748        0x8 /usr/lib/gcc/arm-none-eabi/12.2.1/thumb/v8-m.main+fp/softfp/libgcc.a(_udivmoddi4.o)
                0x10012750                        __exidx_end = .
                0x10012750                        . = ALIGN (0x4)
                0x10012750                        __binary_info_start = .

.binary_info    0x10012750       0x1c
 *(.binary_info.keep.*)
 .binary_info.keep.__bi_ptr84
                0x10012750        0x4 CMakeFiles/test-read.dir/home/devel/pico2/pico-sdk/src/rp2_common/pico_standard_binary_info/standard_binary_info.c.obj
 .binary_info.keep.__bi_ptr54
                0x10012754        0x4 CMakeFiles/test-read.dir/home/devel/pico2/pico-sdk/src/rp2_common/pico_standard_binary_info/standard_binary_info.c.obj
 .binary_info.keep.__bi_ptr48
                0x10012758        0x4 CMakeFiles/test-read.dir/home/devel/pico2/pico-sdk/src/rp2_common/pico_standard_binary_info/standard_binary_info.c.obj
 .binary_info.keep.__bi_ptr42
                0x1001275c        0x4 CMakeFiles/test-read.dir/home/devel/pico2/pico-sdk/src/rp2_common/pico_standard_binary_info/standard_binary_info.c.obj
 .binary_info.keep.__bi_ptr34
                0x10012760        0x4 CMakeFiles/test-read.dir/home/devel/pico2/pico-sdk/src/rp2_common/pico_standard_binary_info/standard_binary_info.c.obj
 .binary_info.keep.__bi_ptr26
                0x10012764        0x4 CMakeFiles/test-read.dir/home/devel/pico2/pico-sdk/src/rp2_common/pico_standard_binary_info/standard_binary_info.c.obj
 *(.binary_info.*)
 .binary_info.__bi_ptr197
                0x10012768        0x4 CMakeFiles/test-read.dir/home/devel/pico2/pico-sdk/src/rp2_common/pico_stdio_usb/stdio_usb.c.obj
                0x1001276c                        __binary_info_end = .
                0x1001276c                        . = ALIGN (0x4)

.ram_vector_table
                0x20000000      0x110
 *(.ram_vector_table)
 .ram_vector_table
                0x20000000      0x110 CMakeFiles/test-read.dir/home/devel/pico2/pico-sdk/src/rp2_common/pico_runtime_init/runtime_init.c.obj
                0x20000000                ram_vector_table
